Archive member included to satisfy reference by file (symbol)

E:/stm32cubeide/STM32CubeIDE_1.16.0/STM32CubeIDE/plugins/com.st.stm32cube.ide.mcu.externaltools.gnu-tools-for-stm32.12.3.rel1.win32_1.0.200.202406191623/tools/bin/../lib/gcc/arm-none-eabi/12.3.1/../../../../arm-none-eabi/lib/thumb/v7-m/nofp\libc_nano.a(libc_a-exit.o)
                              E:/stm32cubeide/STM32CubeIDE_1.16.0/STM32CubeIDE/plugins/com.st.stm32cube.ide.mcu.externaltools.gnu-tools-for-stm32.12.3.rel1.win32_1.0.200.202406191623/tools/bin/../lib/gcc/arm-none-eabi/12.3.1/../../../../arm-none-eabi/lib/thumb/v7-m/nofp/crt0.o (exit)
E:/stm32cubeide/STM32CubeIDE_1.16.0/STM32CubeIDE/plugins/com.st.stm32cube.ide.mcu.externaltools.gnu-tools-for-stm32.12.3.rel1.win32_1.0.200.202406191623/tools/bin/../lib/gcc/arm-none-eabi/12.3.1/../../../../arm-none-eabi/lib/thumb/v7-m/nofp\libc_nano.a(libc_a-malloc.o)
                              ./Core/Src/scheduler.o (malloc)
E:/stm32cubeide/STM32CubeIDE_1.16.0/STM32CubeIDE/plugins/com.st.stm32cube.ide.mcu.externaltools.gnu-tools-for-stm32.12.3.rel1.win32_1.0.200.202406191623/tools/bin/../lib/gcc/arm-none-eabi/12.3.1/../../../../arm-none-eabi/lib/thumb/v7-m/nofp\libc_nano.a(libc_a-mallocr.o)
                              E:/stm32cubeide/STM32CubeIDE_1.16.0/STM32CubeIDE/plugins/com.st.stm32cube.ide.mcu.externaltools.gnu-tools-for-stm32.12.3.rel1.win32_1.0.200.202406191623/tools/bin/../lib/gcc/arm-none-eabi/12.3.1/../../../../arm-none-eabi/lib/thumb/v7-m/nofp\libc_nano.a(libc_a-malloc.o) (_malloc_r)
E:/stm32cubeide/STM32CubeIDE_1.16.0/STM32CubeIDE/plugins/com.st.stm32cube.ide.mcu.externaltools.gnu-tools-for-stm32.12.3.rel1.win32_1.0.200.202406191623/tools/bin/../lib/gcc/arm-none-eabi/12.3.1/../../../../arm-none-eabi/lib/thumb/v7-m/nofp\libc_nano.a(libc_a-mlock.o)
                              E:/stm32cubeide/STM32CubeIDE_1.16.0/STM32CubeIDE/plugins/com.st.stm32cube.ide.mcu.externaltools.gnu-tools-for-stm32.12.3.rel1.win32_1.0.200.202406191623/tools/bin/../lib/gcc/arm-none-eabi/12.3.1/../../../../arm-none-eabi/lib/thumb/v7-m/nofp\libc_nano.a(libc_a-mallocr.o) (__malloc_lock)
E:/stm32cubeide/STM32CubeIDE_1.16.0/STM32CubeIDE/plugins/com.st.stm32cube.ide.mcu.externaltools.gnu-tools-for-stm32.12.3.rel1.win32_1.0.200.202406191623/tools/bin/../lib/gcc/arm-none-eabi/12.3.1/../../../../arm-none-eabi/lib/thumb/v7-m/nofp\libc_nano.a(libc_a-findfp.o)
                              E:/stm32cubeide/STM32CubeIDE_1.16.0/STM32CubeIDE/plugins/com.st.stm32cube.ide.mcu.externaltools.gnu-tools-for-stm32.12.3.rel1.win32_1.0.200.202406191623/tools/bin/../lib/gcc/arm-none-eabi/12.3.1/../../../../arm-none-eabi/lib/thumb/v7-m/nofp\libc_nano.a(libc_a-exit.o) (__stdio_exit_handler)
E:/stm32cubeide/STM32CubeIDE_1.16.0/STM32CubeIDE/plugins/com.st.stm32cube.ide.mcu.externaltools.gnu-tools-for-stm32.12.3.rel1.win32_1.0.200.202406191623/tools/bin/../lib/gcc/arm-none-eabi/12.3.1/../../../../arm-none-eabi/lib/thumb/v7-m/nofp\libc_nano.a(libc_a-fwalk.o)
                              E:/stm32cubeide/STM32CubeIDE_1.16.0/STM32CubeIDE/plugins/com.st.stm32cube.ide.mcu.externaltools.gnu-tools-for-stm32.12.3.rel1.win32_1.0.200.202406191623/tools/bin/../lib/gcc/arm-none-eabi/12.3.1/../../../../arm-none-eabi/lib/thumb/v7-m/nofp\libc_nano.a(libc_a-findfp.o) (_fwalk_sglue)
E:/stm32cubeide/STM32CubeIDE_1.16.0/STM32CubeIDE/plugins/com.st.stm32cube.ide.mcu.externaltools.gnu-tools-for-stm32.12.3.rel1.win32_1.0.200.202406191623/tools/bin/../lib/gcc/arm-none-eabi/12.3.1/../../../../arm-none-eabi/lib/thumb/v7-m/nofp\libc_nano.a(libc_a-sprintf.o)
                              ./Core/Src/global.o (sprintf)
E:/stm32cubeide/STM32CubeIDE_1.16.0/STM32CubeIDE/plugins/com.st.stm32cube.ide.mcu.externaltools.gnu-tools-for-stm32.12.3.rel1.win32_1.0.200.202406191623/tools/bin/../lib/gcc/arm-none-eabi/12.3.1/../../../../arm-none-eabi/lib/thumb/v7-m/nofp\libc_nano.a(libc_a-stdio.o)
                              E:/stm32cubeide/STM32CubeIDE_1.16.0/STM32CubeIDE/plugins/com.st.stm32cube.ide.mcu.externaltools.gnu-tools-for-stm32.12.3.rel1.win32_1.0.200.202406191623/tools/bin/../lib/gcc/arm-none-eabi/12.3.1/../../../../arm-none-eabi/lib/thumb/v7-m/nofp\libc_nano.a(libc_a-findfp.o) (__sread)
E:/stm32cubeide/STM32CubeIDE_1.16.0/STM32CubeIDE/plugins/com.st.stm32cube.ide.mcu.externaltools.gnu-tools-for-stm32.12.3.rel1.win32_1.0.200.202406191623/tools/bin/../lib/gcc/arm-none-eabi/12.3.1/../../../../arm-none-eabi/lib/thumb/v7-m/nofp\libc_nano.a(libc_a-memset.o)
                              E:/stm32cubeide/STM32CubeIDE_1.16.0/STM32CubeIDE/plugins/com.st.stm32cube.ide.mcu.externaltools.gnu-tools-for-stm32.12.3.rel1.win32_1.0.200.202406191623/tools/bin/../lib/gcc/arm-none-eabi/12.3.1/../../../../arm-none-eabi/lib/thumb/v7-m/nofp/crt0.o (memset)
[...]
Memory Configuration

Name             Origin             Length             Attributes
RAM              0x20000000         0x00005000         xrw
FLASH            0x08000000         0x00020000         xr
*default*        0x00000000         0xffffffff

Linker script and memory map

LOAD E:/stm32cubeide/STM32CubeIDE_1.16.0/STM32CubeIDE/plugins/com.st.stm32cube.ide.mcu.externaltools.gnu-tools-for-stm32.12.3.rel1.win32_1.0.200.202406191623/tools/bin/../lib/gcc/arm-none-eabi/12.3.1/thumb/v7-m/nofp/crti.o
LOAD E:/stm32cubeide/STM32CubeIDE_1.16.0/STM32CubeIDE/plugins/com.st.stm32cube.ide.mcu.externaltools.gnu-tools-for-stm32.12.3.rel1.win32_1.0.200.202406191623/tools/bin/../lib/gcc/arm-none-eabi/12.3.1/thumb/v7-m/nofp/crtbegin.o
LOAD E:/stm32cubeide/STM32CubeIDE_1.16.0/STM32CubeIDE/plugins/com.st.stm32cube.ide.mcu.externaltools.gnu-tools-for-stm32.12.3.rel1.win32_1.0.200.202406191623/tools/bin/../lib/gcc/arm-none-eabi/12.3.1/../../../../arm-none-eabi/lib/thumb/v7-m/nofp/crt0.o
LOAD ./Core/Src/FMS_mode.o
LOAD ./Core/Src/button.o
LOAD ./Core/Src/global.o
LOAD ./Core/Src/i2c-lcd.o
LOAD ./Core/Src/main.o
LOAD ./Core/Src/scheduler.o
LOAD ./Core/Src/software_timer.o
LOAD ./Core/Src/stm32f1xx_hal_msp.o
LOAD ./Core/Src/stm32f1xx_it.o
LOAD ./Core/Src/syscalls.o
LOAD ./Core/Src/sysmem.o
LOAD ./Core/Src/system_stm32f1xx.o
LOAD ./Core/Src/traffic_light.o
LOAD ./Core/Startup/startup_stm32f103rbtx.o
LOAD ./Drivers/STM32F1xx_HAL_Driver/Src/stm32f1xx_hal.o
LOAD ./Drivers/STM32F1xx_HAL_Driver/Src/stm32f1xx_hal_cortex.o
LOAD ./Drivers/STM32F1xx_HAL_Driver/Src/stm32f1xx_hal_dma.o
LOAD ./Drivers/STM32F1xx_HAL_Driver/Src/stm32f1xx_hal_exti.o
LOAD ./Drivers/STM32F1xx_HAL_Driver/Src/stm32f1xx_hal_flash.o
LOAD ./Drivers/STM32F1xx_HAL_Driver/Src/stm32f1xx_hal_flash_ex.o
LOAD ./Drivers/STM32F1xx_HAL_Driver/Src/stm32f1xx_hal_gpio.o
LOAD ./Drivers/STM32F1xx_HAL_Driver/Src/stm32f1xx_hal_gpio_ex.o
LOAD ./Drivers/STM32F1xx_HAL_Driver/Src/stm32f1xx_hal_i2c.o
LOAD ./Drivers/STM32F1xx_HAL_Driver/Src/stm32f1xx_hal_pwr.o
LOAD ./Drivers/STM32F1xx_HAL_Driver/Src/stm32f1xx_hal_rcc.o
LOAD ./Drivers/STM32F1xx_HAL_Driver/Src/stm32f1xx_hal_rcc_ex.o
LOAD ./Drivers/STM32F1xx_HAL_Driver/Src/stm32f1xx_hal_tim.o
LOAD ./Drivers/STM32F1xx_HAL_Driver/Src/stm32f1xx_hal_tim_ex.o
START GROUP
LOAD E:/stm32cubeide/STM32CubeIDE_1.16.0/STM32CubeIDE/plugins/com.st.stm32cube.ide.mcu.externaltools.gnu-tools-for-stm32.12.3.rel1.win32_1.0.200.202406191623/tools/bin/../lib/gcc/arm-none-eabi/12.3.1/../../../../arm-none-eabi/lib/thumb/v7-m/nofp\libc_nano.a
LOAD E:/stm32cubeide/STM32CubeIDE_1.16.0/STM32CubeIDE/plugins/com.st.stm32cube.ide.mcu.externaltools.gnu-tools-for-stm32.12.3.rel1.win32_1.0.200.202406191623/tools/bin/../lib/gcc/arm-none-eabi/12.3.1/../../../../arm-none-eabi/lib/thumb/v7-m/nofp\libm.a
END GROUP
START GROUP
LOAD E:/stm32cubeide/STM32CubeIDE_1.16.0/STM32CubeIDE/plugins/com.st.stm32cube.ide.mcu.externaltools.gnu-tools-for-stm32.12.3.rel1.win32_1.0.200.202406191623/tools/bin/../lib/gcc/arm-none-eabi/12.3.1/thumb/v7-m/nofp\libgcc.a
LOAD E:/stm32cubeide/STM32CubeIDE_1.16.0/STM32CubeIDE/plugins/com.st.stm32cube.ide.mcu.externaltools.gnu-tools-for-stm32.12.3.rel1.win32_1.0.200.202406191623/tools/bin/../lib/gcc/arm-none-eabi/12.3.1/../../../../arm-none-eabi/lib/thumb/v7-m/nofp\libc_nano.a
END GROUP
START GROUP
LOAD E:/stm32cubeide/STM32CubeIDE_1.16.0/STM32CubeIDE/plugins/com.st.stm32cube.ide.mcu.externaltools.gnu-tools-for-stm32.12.3.rel1.win32_1.0.200.202406191623/tools/bin/../lib/gcc/arm-none-eabi/12.3.1/thumb/v7-m/nofp\libgcc.a
LOAD E:/stm32cubeide/STM32CubeIDE_1.16.0/STM32CubeIDE/plugins/com.st.stm32cube.ide.mcu.externaltools.gnu-tools-for-stm32.12.3.rel1.win32_1.0.200.202406191623/tools/bin/../lib/gcc/arm-none-eabi/12.3.1/../../../../arm-none-eabi/lib/thumb/v7-m/nofp\libc_nano.a
LOAD E:/stm32cubeide/STM32CubeIDE_1.16.0/STM32CubeIDE/plugins/com.st.stm32cube.ide.mcu.externaltools.gnu-tools-for-stm32.12.3.rel1.win32_1.0.200.202406191623/tools/bin/../lib/gcc/arm-none-eabi/12.3.1/../../../../arm-none-eabi/lib/thumb/v7-m/nofp\libnosys.a
END GROUP
START GROUP
LOAD E:/stm32cubeide/STM32CubeIDE_1.16.0/STM32CubeIDE/plugins/com.st.stm32cube.ide.mcu.externaltools.gnu-tools-for-stm32.12.3.rel1.win32_1.0.200.202406191623/tools/bin/../lib/gcc/arm-none-eabi/12.3.1/thumb/v7-m/nofp\libgcc.a
LOAD E:/stm32cubeide/STM32CubeIDE_1.16.0/STM32CubeIDE/plugins/com.st.stm32cube.ide.mcu.externaltools.gnu-tools-for-stm32.12.3.rel1.win32_1.0.200.202406191623/tools/bin/../lib/gcc/arm-none-eabi/12.3.1/../../../../arm-none-eabi/lib/thumb/v7-m/nofp\libc_nano.a
LOAD E:/stm32cubeide/STM32CubeIDE_1.16.0/STM32CubeIDE/plugins/com.st.stm32cube.ide.mcu.externaltools.gnu-tools-for-stm32.12.3.rel1.win32_1.0.200.202406191623/tools/bin/../lib/gcc/arm-none-eabi/12.3.1/../../../../arm-none-eabi/lib/thumb/v7-m/nofp\libnosys.a
END GROUP
LOAD E:/stm32cubeide/STM32CubeIDE_1.16.0/STM32CubeIDE/plugins/com.st.stm32cube.ide.mcu.externaltools.gnu-tools-for-stm32.12.3.rel1.win32_1.0.200.202406191623/tools/bin/../lib/gcc/arm-none-eabi/12.3.1/thumb/v7-m/nofp/crtend.o
LOAD E:/stm32cubeide/STM32CubeIDE_1.16.0/STM32CubeIDE/plugins/com.st.stm32cube.ide.mcu.externaltools.gnu-tools-for-stm32.12.3.rel1.win32_1.0.200.202406191623/tools/bin/../lib/gcc/arm-none-eabi/12.3.1/thumb/v7-m/nofp/crtn.o
                0x20005000                        _estack = (ORIGIN (RAM) + LENGTH (RAM))
                0x00000200                        _Min_Heap_Size = 0x200
                0x00000400                        _Min_Stack_Size = 0x400

.isr_vector     0x08000000      0x10c
                0x08000000                        . = ALIGN (0x4)
 *(.isr_vector)
 .isr_vector    0x08000000      0x10c ./Core/Startup/startup_stm32f103rbtx.o
                0x08000000                g_pfnVectors
                0x0800010c                        . = ALIGN (0x4)

.text           0x0800010c     0x4180
                0x0800010c                        . = ALIGN (0x4)
 *(.text)
 .text          0x0800010c       0x40 E:/stm32cubeide/STM32CubeIDE_1.16.0/STM32CubeIDE/plugins/com.st.stm32cube.ide.mcu.externaltools.gnu-tools-for-stm32.12.3.rel1.win32_1.0.200.202406191623/tools/bin/../lib/gcc/arm-none-eabi/12.3.1/thumb/v7-m/nofp/crtbegin.o
 *(.text*)
 .text.Blinky_led
                0x0800014c       0xb4 ./Core/Src/FMS_mode.o
                0x0800014c                Blinky_led
 .text.manual_led
                0x08000200      0x120 ./Core/Src/FMS_mode.o
                0x08000200                manual_led
 .text.FMS_mode_run
                0x08000320      0x320 ./Core/Src/FMS_mode.o
                0x08000320                FMS_mode_run
 .text.init_gpi_button
                0x08000640       0x78 ./Core/Src/button.o
                0x08000640                init_gpi_button
 .text.isButtonPressed
                0x080006b8       0x34 ./Core/Src/button.o
                0x080006b8                isButtonPressed
 .text.isButtonLongPressed
                0x080006ec       0x34 ./Core/Src/button.o
                0x080006ec                isButtonLongPressed
 .text.getKeyInput
                0x08000720      0x140 ./Core/Src/button.o
                0x08000720                getKeyInput
 .text.displayLCD
                0x08000860      0x34c ./Core/Src/global.o
                0x08000860                displayLCD
 .text.lcd_send_cmd
                0x08000bac       0x60 ./Core/Src/i2c-lcd.o
                0x08000bac                lcd_send_cmd
 .text.lcd_send_data
                0x08000c0c       0x60 ./Core/Src/i2c-lcd.o
                0x08000c0c                lcd_send_data
 .text.lcd_init
                0x08000c6c       0x5c ./Core/Src/i2c-lcd.o
                0x08000c6c                lcd_init
 .text.lcd_send_string
                0x08000cc8       0x2a ./Core/Src/i2c-lcd.o
                0x08000cc8                lcd_send_string
 .text.lcd_goto_XY
                0x08000cf2       0x44 ./Core/Src/i2c-lcd.o
                0x08000cf2                lcd_goto_XY
 *fill*         0x08000d36        0x2 
 .text.main     0x08000d38       0x50 ./Core/Src/main.o
                0x08000d38                main
 .text.SystemClock_Config
                0x08000d88       0x76 ./Core/Src/main.o
                0x08000d88                SystemClock_Config
 *fill*         0x08000dfe        0x2 
 .text.MX_I2C1_Init
                0x08000e00       0x5c ./Core/Src/main.o
 .text.MX_TIM2_Init
                0x08000e5c       0x98 ./Core/Src/main.o
 .text.MX_GPIO_Init
                0x08000ef4       0xc4 ./Core/Src/main.o
 .text.Error_Handler
                0x08000fb8        0xc ./Core/Src/main.o
                0x08000fb8                Error_Handler
 .text.create_new_node
                0x08000fc4       0x38 ./Core/Src/scheduler.o
                0x08000fc4                create_new_node
 .text.sche_init
                0x08000ffc       0x40 ./Core/Src/scheduler.o
                0x08000ffc                sche_init
 .text.sche_add_task
                0x0800103c      0x178 ./Core/Src/scheduler.o
                0x0800103c                sche_add_task
 .text.sche_update
                0x080011b4       0x4c ./Core/Src/scheduler.o
                0x080011b4                sche_update
 .text.sche_dispatcher
                0x08001200       0x60 ./Core/Src/scheduler.o
                0x08001200                sche_dispatcher
 .text.sche_delete_task
                0x08001260       0x80 ./Core/Src/scheduler.o
                0x08001260                sche_delete_task
 .text.timer_init
                0x080012e0       0x1c ./Core/Src/software_timer.o
                0x080012e0                timer_init
 .text.is_flag_set
                0x080012fc       0x20 ./Core/Src/software_timer.o
                0x080012fc                is_flag_set
 .text.setTimer
                0x0800131c       0x44 ./Core/Src/software_timer.o
                0x0800131c                setTimer
 .text.timer_run
                0x08001360       0x50 ./Core/Src/software_timer.o
                0x08001360                timer_run
 .text.HAL_TIM_PeriodElapsedCallback
                0x080013b0       0x26 ./Core/Src/software_timer.o
                0x080013b0                HAL_TIM_PeriodElapsedCallback
 *fill*         0x080013d6        0x2 
 .text.HAL_MspInit
                0x080013d8       0x64 ./Core/Src/stm32f1xx_hal_msp.o
                0x080013d8                HAL_MspInit
 .text.HAL_I2C_MspInit
                0x0800143c       0xa0 ./Core/Src/stm32f1xx_hal_msp.o
                0x0800143c                HAL_I2C_MspInit
 .text.HAL_TIM_Base_MspInit
                0x080014dc       0x48 ./Core/Src/stm32f1xx_hal_msp.o
                0x080014dc                HAL_TIM_Base_MspInit
 .text.NMI_Handler
                0x08001524        0x8 ./Core/Src/stm32f1xx_it.o
                0x08001524                NMI_Handler
 .text.HardFault_Handler
                0x0800152c        0x8 ./Core/Src/stm32f1xx_it.o
                0x0800152c                HardFault_Handler
 .text.MemManage_Handler
                0x08001534        0x8 ./Core/Src/stm32f1xx_it.o
                0x08001534                MemManage_Handler
 .text.BusFault_Handler
                0x0800153c        0x8 ./Core/Src/stm32f1xx_it.o
                0x0800153c                BusFault_Handler
 .text.UsageFault_Handler
                0x08001544        0x8 ./Core/Src/stm32f1xx_it.o
                0x08001544                UsageFault_Handler
 .text.SVC_Handler
                0x0800154c        0xc ./Core/Src/stm32f1xx_it.o
                0x0800154c                SVC_Handler
 .text.DebugMon_Handler
                0x08001558        0xc ./Core/Src/stm32f1xx_it.o
                0x08001558                DebugMon_Handler
 .text.PendSV_Handler
                0x08001564        0xc ./Core/Src/stm32f1xx_it.o
                0x08001564                PendSV_Handler
 .text.SysTick_Handler
                0x08001570        0xc ./Core/Src/stm32f1xx_it.o
                0x08001570                SysTick_Handler
 .text.TIM2_IRQHandler
                0x0800157c       0x14 ./Core/Src/stm32f1xx_it.o
                0x0800157c                TIM2_IRQHandler
 .text._sbrk    0x08001590       0x6c ./Core/Src/sysmem.o
                0x08001590                _sbrk
 .text.SystemInit
                0x080015fc        0xc ./Core/Src/system_stm32f1xx.o
                0x080015fc                SystemInit
 .text.set_time_value
                0x08001608       0x30 ./Core/Src/traffic_light.o
                0x08001608                set_time_value
 .text.turn_off_traffic_light
                0x08001638       0x60 ./Core/Src/traffic_light.o
                0x08001638                turn_off_traffic_light
 .text.Turn_on_color
                0x08001698       0x9c ./Core/Src/traffic_light.o
                0x08001698                Turn_on_color
 .text.TrafficLight_run
                0x08001734      0x1a0 ./Core/Src/traffic_light.o
                0x08001734                TrafficLight_run
 .text.Reset_Handler
                0x080018d4       0x48 ./Core/Startup/startup_stm32f103rbtx.o
                0x080018d4                Reset_Handler
 .text.Default_Handler
                0x0800191c        0x2 ./Core/Startup/startup_stm32f103rbtx.o
                0x0800191c                RTC_Alarm_IRQHandler
                0x0800191c                EXTI2_IRQHandler
                0x0800191c                TIM1_CC_IRQHandler
                0x0800191c                PVD_IRQHandler
                0x0800191c                EXTI3_IRQHandler
                0x0800191c                EXTI0_IRQHandler
                0x0800191c                I2C2_EV_IRQHandler
                0x0800191c                ADC1_2_IRQHandler
                0x0800191c                SPI1_IRQHandler
                0x0800191c                TAMPER_IRQHandler
                0x0800191c                DMA1_Channel4_IRQHandler
                0x0800191c                USART3_IRQHandler
                0x0800191c                RTC_IRQHandler
                0x0800191c                DMA1_Channel7_IRQHandler
                0x0800191c                CAN1_RX1_IRQHandler
                0x0800191c                TIM4_IRQHandler
                0x0800191c                I2C1_EV_IRQHandler
                0x0800191c                DMA1_Channel6_IRQHandler
                0x0800191c                TIM3_IRQHandler
                0x0800191c                RCC_IRQHandler
                0x0800191c                TIM1_TRG_COM_IRQHandler
                0x0800191c                DMA1_Channel1_IRQHandler
                0x0800191c                Default_Handler
                0x0800191c                EXTI15_10_IRQHandler
                0x0800191c                EXTI9_5_IRQHandler
                0x0800191c                SPI2_IRQHandler
                0x0800191c                DMA1_Channel5_IRQHandler
                0x0800191c                EXTI4_IRQHandler
                0x0800191c                USB_LP_CAN1_RX0_IRQHandler
                0x0800191c                USB_HP_CAN1_TX_IRQHandler
                0x0800191c                DMA1_Channel3_IRQHandler
                0x0800191c                TIM1_UP_IRQHandler
                0x0800191c                WWDG_IRQHandler
                0x0800191c                TIM1_BRK_IRQHandler
                0x0800191c                EXTI1_IRQHandler
                0x0800191c                USART2_IRQHandler
                0x0800191c                I2C2_ER_IRQHandler
                0x0800191c                DMA1_Channel2_IRQHandler
                0x0800191c                CAN1_SCE_IRQHandler
                0x0800191c                FLASH_IRQHandler
                0x0800191c                USART1_IRQHandler
                0x0800191c                I2C1_ER_IRQHandler
                0x0800191c                USBWakeUp_IRQHandler
 *fill*         0x0800191e        0x2 
 .text.HAL_Init
                0x08001920       0x2c ./Drivers/STM32F1xx_HAL_Driver/Src/stm32f1xx_hal.o
                0x08001920                HAL_Init
 .text.HAL_InitTick
                0x0800194c       0x60 ./Drivers/STM32F1xx_HAL_Driver/Src/stm32f1xx_hal.o
                0x0800194c                HAL_InitTick
 .text.HAL_IncTick
                0x080019ac       0x24 ./Drivers/STM32F1xx_HAL_Driver/Src/stm32f1xx_hal.o
                0x080019ac                HAL_IncTick
 .text.HAL_GetTick
                0x080019d0       0x14 ./Drivers/STM32F1xx_HAL_Driver/Src/stm32f1xx_hal.o
                0x080019d0                HAL_GetTick
 .text.HAL_Delay
                0x080019e4       0x48 ./Drivers/STM32F1xx_HAL_Driver/Src/stm32f1xx_hal.o
                0x080019e4                HAL_Delay
 .text.__NVIC_SetPriorityGrouping
                0x08001a2c       0x48 ./Drivers/STM32F1xx_HAL_Driver/Src/stm32f1xx_hal_cortex.o
 .text.__NVIC_GetPriorityGrouping
                0x08001a74       0x1c ./Drivers/STM32F1xx_HAL_Driver/Src/stm32f1xx_hal_cortex.o
 .text.__NVIC_EnableIRQ
                0x08001a90       0x38 ./Drivers/STM32F1xx_HAL_Driver/Src/stm32f1xx_hal_cortex.o
 .text.__NVIC_SetPriority
                0x08001ac8       0x54 ./Drivers/STM32F1xx_HAL_Driver/Src/stm32f1xx_hal_cortex.o
 .text.NVIC_EncodePriority
                0x08001b1c       0x64 ./Drivers/STM32F1xx_HAL_Driver/Src/stm32f1xx_hal_cortex.o
 .text.SysTick_Config
                0x08001b80       0x44 ./Drivers/STM32F1xx_HAL_Driver/Src/stm32f1xx_hal_cortex.o
 .text.HAL_NVIC_SetPriorityGrouping
                0x08001bc4       0x16 ./Drivers/STM32F1xx_HAL_Driver/Src/stm32f1xx_hal_cortex.o
                0x08001bc4                HAL_NVIC_SetPriorityGrouping
 .text.HAL_NVIC_SetPriority
                0x08001bda       0x38 ./Drivers/STM32F1xx_HAL_Driver/Src/stm32f1xx_hal_cortex.o
                0x08001bda                HAL_NVIC_SetPriority
 .text.HAL_NVIC_EnableIRQ
                0x08001c12       0x1c ./Drivers/STM32F1xx_HAL_Driver/Src/stm32f1xx_hal_cortex.o
                0x08001c12                HAL_NVIC_EnableIRQ
 .text.HAL_SYSTICK_Config
                0x08001c2e       0x18 ./Drivers/STM32F1xx_HAL_Driver/Src/stm32f1xx_hal_cortex.o
                0x08001c2e                HAL_SYSTICK_Config
 *fill*         0x08001c46        0x2 
 .text.HAL_GPIO_Init
                0x08001c48      0x308 ./Drivers/STM32F1xx_HAL_Driver/Src/stm32f1xx_hal_gpio.o
                0x08001c48                HAL_GPIO_Init
 .text.HAL_GPIO_ReadPin
                0x08001f50       0x2e ./Drivers/STM32F1xx_HAL_Driver/Src/stm32f1xx_hal_gpio.o
                0x08001f50                HAL_GPIO_ReadPin
 .text.HAL_GPIO_WritePin
                0x08001f7e       0x30 ./Drivers/STM32F1xx_HAL_Driver/Src/stm32f1xx_hal_gpio.o
                0x08001f7e                HAL_GPIO_WritePin
 .text.HAL_GPIO_TogglePin
                0x08001fae       0x32 ./Drivers/STM32F1xx_HAL_Driver/Src/stm32f1xx_hal_gpio.o
                0x08001fae                HAL_GPIO_TogglePin
 .text.HAL_I2C_Init
                0x08001fe0      0x288 ./Drivers/STM32F1xx_HAL_Driver/Src/stm32f1xx_hal_i2c.o
                0x08001fe0                HAL_I2C_Init
 .text.HAL_I2C_Master_Transmit
                0x08002268      0x1fc ./Drivers/STM32F1xx_HAL_Driver/Src/stm32f1xx_hal_i2c.o
                0x08002268                HAL_I2C_Master_Transmit
 .text.I2C_MasterRequestWrite
                0x08002464      0x104 ./Drivers/STM32F1xx_HAL_Driver/Src/stm32f1xx_hal_i2c.o
 .text.I2C_WaitOnFlagUntilTimeout
                0x08002568       0xf4 ./Drivers/STM32F1xx_HAL_Driver/Src/stm32f1xx_hal_i2c.o
 .text.I2C_WaitOnMasterAddressFlagUntilTimeout
                0x0800265c      0x140 ./Drivers/STM32F1xx_HAL_Driver/Src/stm32f1xx_hal_i2c.o
 .text.I2C_WaitOnTXEFlagUntilTimeout
                0x0800279c       0x90 ./Drivers/STM32F1xx_HAL_Driver/Src/stm32f1xx_hal_i2c.o
 .text.I2C_WaitOnBTFFlagUntilTimeout
                0x0800282c       0x90 ./Drivers/STM32F1xx_HAL_Driver/Src/stm32f1xx_hal_i2c.o
 .text.I2C_IsAcknowledgeFailed
                0x080028bc       0x5c ./Drivers/STM32F1xx_HAL_Driver/Src/stm32f1xx_hal_i2c.o
 .text.HAL_RCC_OscConfig
                0x08002918      0x504 ./Drivers/STM32F1xx_HAL_Driver/Src/stm32f1xx_hal_rcc.o
                0x08002918                HAL_RCC_OscConfig
 .text.HAL_RCC_ClockConfig
                0x08002e1c      0x1d4 ./Drivers/STM32F1xx_HAL_Driver/Src/stm32f1xx_hal_rcc.o
                0x08002e1c                HAL_RCC_ClockConfig
 .text.HAL_RCC_GetSysClockFreq
                0x08002ff0       0xa8 ./Drivers/STM32F1xx_HAL_Driver/Src/stm32f1xx_hal_rcc.o
                0x08002ff0                HAL_RCC_GetSysClockFreq
 .text.HAL_RCC_GetHCLKFreq
                0x08003098       0x14 ./Drivers/STM32F1xx_HAL_Driver/Src/stm32f1xx_hal_rcc.o
                0x08003098                HAL_RCC_GetHCLKFreq
 .text.HAL_RCC_GetPCLK1Freq
                0x080030ac       0x28 ./Drivers/STM32F1xx_HAL_Driver/Src/stm32f1xx_hal_rcc.o
                0x080030ac                HAL_RCC_GetPCLK1Freq
 .text.RCC_Delay
                0x080030d4       0x3c ./Drivers/STM32F1xx_HAL_Driver/Src/stm32f1xx_hal_rcc.o
 .text.HAL_TIM_Base_Init
                0x08003110       0x9e ./Drivers/STM32F1xx_HAL_Driver/Src/stm32f1xx_hal_tim.o
                0x08003110                HAL_TIM_Base_Init
 *fill*         0x080031ae        0x2 
 .text.HAL_TIM_Base_Start_IT
                0x080031b0       0xa4 ./Drivers/STM32F1xx_HAL_Driver/Src/stm32f1xx_hal_tim.o
                0x080031b0                HAL_TIM_Base_Start_IT
 .text.HAL_TIM_IRQHandler
                0x08003254      0x1e0 ./Drivers/STM32F1xx_HAL_Driver/Src/stm32f1xx_hal_tim.o
                0x08003254                HAL_TIM_IRQHandler
 .text.HAL_TIM_ConfigClockSource
                0x08003434      0x18e ./Drivers/STM32F1xx_HAL_Driver/Src/stm32f1xx_hal_tim.o
                0x08003434                HAL_TIM_ConfigClockSource
 .text.HAL_TIM_OC_DelayElapsedCallback
                0x080035c2       0x12 ./Drivers/STM32F1xx_HAL_Driver/Src/stm32f1xx_hal_tim.o
                0x080035c2                HAL_TIM_OC_DelayElapsedCallback
 .text.HAL_TIM_IC_CaptureCallback
                0x080035d4       0x12 ./Drivers/STM32F1xx_HAL_Driver/Src/stm32f1xx_hal_tim.o
                0x080035d4                HAL_TIM_IC_CaptureCallback
 .text.HAL_TIM_PWM_PulseFinishedCallback
                0x080035e6       0x12 ./Drivers/STM32F1xx_HAL_Driver/Src/stm32f1xx_hal_tim.o
                0x080035e6                HAL_TIM_PWM_PulseFinishedCallback
 .text.HAL_TIM_TriggerCallback
                0x080035f8       0x12 ./Drivers/STM32F1xx_HAL_Driver/Src/stm32f1xx_hal_tim.o
                0x080035f8                HAL_TIM_TriggerCallback
 *fill*         0x0800360a        0x2 
 .text.TIM_Base_SetConfig
                0x0800360c       0xdc ./Drivers/STM32F1xx_HAL_Driver/Src/stm32f1xx_hal_tim.o
                0x0800360c                TIM_Base_SetConfig
 .text.TIM_TI1_ConfigInputStage
                0x080036e8       0x5c ./Drivers/STM32F1xx_HAL_Driver/Src/stm32f1xx_hal_tim.o
 .text.TIM_TI2_ConfigInputStage
                0x08003744       0x5e ./Drivers/STM32F1xx_HAL_Driver/Src/stm32f1xx_hal_tim.o
 .text.TIM_ITRx_SetConfig
                0x080037a2       0x34 ./Drivers/STM32F1xx_HAL_Driver/Src/stm32f1xx_hal_tim.o
 .text.TIM_ETR_SetConfig
                0x080037d6       0x3e ./Drivers/STM32F1xx_HAL_Driver/Src/stm32f1xx_hal_tim.o
                0x080037d6                TIM_ETR_SetConfig
 .text.HAL_TIMEx_MasterConfigSynchronization
                0x08003814       0xbc ./Drivers/STM32F1xx_HAL_Driver/Src/stm32f1xx_hal_tim_ex.o
                0x08003814                HAL_TIMEx_MasterConfigSynchronization
 .text.HAL_TIMEx_CommutCallback
                0x080038d0       0x12 ./Drivers/STM32F1xx_HAL_Driver/Src/stm32f1xx_hal_tim_ex.o
                0x080038d0                HAL_TIMEx_CommutCallback
 .text.HAL_TIMEx_BreakCallback
                0x080038e2       0x12 ./Drivers/STM32F1xx_HAL_Driver/Src/stm32f1xx_hal_tim_ex.o
                0x080038e2                HAL_TIMEx_BreakCallback
 .text.malloc   0x080038f4       0x10 E:/stm32cubeide/STM32CubeIDE_1.16.0/STM32CubeIDE/plugins/com.st.stm32cube.ide.mcu.externaltools.gnu-tools-for-stm32.12.3.rel1.win32_1.0.200.202406191623/tools/bin/../lib/gcc/arm-none-eabi/12.3.1/../../../../arm-none-eabi/lib/thumb/v7-m/nofp\libc_nano.a(libc_a-malloc.o)
                0x080038f4                malloc
 .text.free     0x08003904       0x10 E:/stm32cubeide/STM32CubeIDE_1.16.0/STM32CubeIDE/plugins/com.st.stm32cube.ide.mcu.externaltools.gnu-tools-for-stm32.12.3.rel1.win32_1.0.200.202406191623/tools/bin/../lib/gcc/arm-none-eabi/12.3.1/../../../../arm-none-eabi/lib/thumb/v7-m/nofp\libc_nano.a(libc_a-malloc.o)
                0x08003904                free
 .text.sbrk_aligned
                0x08003914       0x44 E:/stm32cubeide/STM32CubeIDE_1.16.0/STM32CubeIDE/plugins/com.st.stm32cube.ide.mcu.externaltools.gnu-tools-for-stm32.12.3.rel1.win32_1.0.200.202406191623/tools/bin/../lib/gcc/arm-none-eabi/12.3.1/../../../../arm-none-eabi/lib/thumb/v7-m/nofp\libc_nano.a(libc_a-mallocr.o)
 .text._malloc_r
                0x08003958      0x100 E:/stm32cubeide/STM32CubeIDE_1.16.0/STM32CubeIDE/plugins/com.st.stm32cube.ide.mcu.externaltools.gnu-tools-for-stm32.12.3.rel1.win32_1.0.200.202406191623/tools/bin/../lib/gcc/arm-none-eabi/12.3.1/../../../../arm-none-eabi/lib/thumb/v7-m/nofp\libc_nano.a(libc_a-mallocr.o)
                0x08003958                _malloc_r
 .text.__malloc_lock
                0x08003a58        0xc E:/stm32cubeide/STM32CubeIDE_1.16.0/STM32CubeIDE/plugins/com.st.stm32cube.ide.mcu.externaltools.gnu-tools-for-stm32.12.3.rel1.win32_1.0.200.202406191623/tools/bin/../lib/gcc/arm-none-eabi/12.3.1/../../../../arm-none-eabi/lib/thumb/v7-m/nofp\libc_nano.a(libc_a-mlock.o)
                0x08003a58                __malloc_lock
 .text.__malloc_unlock
                0x08003a64        0xc E:/stm32cubeide/STM32CubeIDE_1.16.0/STM32CubeIDE/plugins/com.st.stm32cube.ide.mcu.externaltools.gnu-tools-for-stm32.12.3.rel1.win32_1.0.200.202406191623/tools/bin/../lib/gcc/arm-none-eabi/12.3.1/../../../../arm-none-eabi/lib/thumb/v7-m/nofp\libc_nano.a(libc_a-mlock.o)
                0x08003a64                __malloc_unlock
 .text.sprintf  0x08003a70       0x40 E:/stm32cubeide/STM32CubeIDE_1.16.0/STM32CubeIDE/plugins/com.st.stm32cube.ide.mcu.externaltools.gnu-tools-for-stm32.12.3.rel1.win32_1.0.200.202406191623/tools/bin/../lib/gcc/arm-none-eabi/12.3.1/../../../../arm-none-eabi/lib/thumb/v7-m/nofp\libc_nano.a(libc_a-sprintf.o)
                0x08003a70                siprintf
                0x08003a70                sprintf
 .text.memset   0x08003ab0       0x10 E:/stm32cubeide/STM32CubeIDE_1.16.0/STM32CubeIDE/plugins/com.st.stm32cube.ide.mcu.externaltools.gnu-tools-for-stm32.12.3.rel1.win32_1.0.200.202406191623/tools/bin/../lib/gcc/arm-none-eabi/12.3.1/../../../../arm-none-eabi/lib/thumb/v7-m/nofp\libc_nano.a(libc_a-memset.o)
                0x08003ab0                memset
 .text._sbrk_r  0x08003ac0       0x20 E:/stm32cubeide/STM32CubeIDE_1.16.0/STM32CubeIDE/plugins/com.st.stm32cube.ide.mcu.externaltools.gnu-tools-for-stm32.12.3.rel1.win32_1.0.200.202406191623/tools/bin/../lib/gcc/arm-none-eabi/12.3.1/../../../../arm-none-eabi/lib/thumb/v7-m/nofp\libc_nano.a(libc_a-sbrkr.o)
                0x08003ac0                _sbrk_r
 .text.__errno  0x08003ae0        0xc E:/stm32cubeide/STM32CubeIDE_1.16.0/STM32CubeIDE/plugins/com.st.stm32cube.ide.mcu.externaltools.gnu-tools-for-stm32.12.3.rel1.win32_1.0.200.202406191623/tools/bin/../lib/gcc/arm-none-eabi/12.3.1/../../../../arm-none-eabi/lib/thumb/v7-m/nofp\libc_nano.a(libc_a-errno.o)
                0x08003ae0                __errno
 .text.__libc_init_array
                0x08003aec       0x48 E:/stm32cubeide/STM32CubeIDE_1.16.0/STM32CubeIDE/plugins/com.st.stm32cube.ide.mcu.externaltools.gnu-tools-for-stm32.12.3.rel1.win32_1.0.200.202406191623/tools/bin/../lib/gcc/arm-none-eabi/12.3.1/../../../../arm-none-eabi/lib/thumb/v7-m/nofp\libc_nano.a(libc_a-init.o)
                0x08003aec                __libc_init_array
 .text.__retarget_lock_acquire_recursive
                0x08003b34        0x2 E:/stm32cubeide/STM32CubeIDE_1.16.0/STM32CubeIDE/plugins/com.st.stm32cube.ide.mcu.externaltools.gnu-tools-for-stm32.12.3.rel1.win32_1.0.200.202406191623/tools/bin/../lib/gcc/arm-none-eabi/12.3.1/../../../../arm-none-eabi/lib/thumb/v7-m/nofp\libc_nano.a(libc_a-lock.o)
                0x08003b34                __retarget_lock_acquire_recursive
 .text.__retarget_lock_release_recursive
                0x08003b36        0x2 E:/stm32cubeide/STM32CubeIDE_1.16.0/STM32CubeIDE/plugins/com.st.stm32cube.ide.mcu.externaltools.gnu-tools-for-stm32.12.3.rel1.win32_1.0.200.202406191623/tools/bin/../lib/gcc/arm-none-eabi/12.3.1/../../../../arm-none-eabi/lib/thumb/v7-m/nofp\libc_nano.a(libc_a-lock.o)
                0x08003b36                __retarget_lock_release_recursive
 .text._free_r  0x08003b38       0x90 E:/stm32cubeide/STM32CubeIDE_1.16.0/STM32CubeIDE/plugins/com.st.stm32cube.ide.mcu.externaltools.gnu-tools-for-stm32.12.3.rel1.win32_1.0.200.202406191623/tools/bin/../lib/gcc/arm-none-eabi/12.3.1/../../../../arm-none-eabi/lib/thumb/v7-m/nofp\libc_nano.a(libc_a-freer.o)
                0x08003b38                _free_r
 .text.__ssputs_r
                0x08003bc8       0xb6 E:/stm32cubeide/STM32CubeIDE_1.16.0/STM32CubeIDE/plugins/com.st.stm32cube.ide.mcu.externaltools.gnu-tools-for-stm32.12.3.rel1.win32_1.0.200.202406191623/tools/bin/../lib/gcc/arm-none-eabi/12.3.1/../../../../arm-none-eabi/lib/thumb/v7-m/nofp\libc_nano.a(libc_a-nano-svfprintf.o)
                0x08003bc8                __ssputs_r
 *fill*         0x08003c7e        0x2 
 .text._svfprintf_r
                0x08003c80      0x1f8 E:/stm32cubeide/STM32CubeIDE_1.16.0/STM32CubeIDE/plugins/com.st.stm32cube.ide.mcu.externaltools.gnu-tools-for-stm32.12.3.rel1.win32_1.0.200.202406191623/tools/bin/../lib/gcc/arm-none-eabi/12.3.1/../../../../arm-none-eabi/lib/thumb/v7-m/nofp\libc_nano.a(libc_a-nano-svfprintf.o)
                0x08003c80                _svfiprintf_r
                0x08003c80                _svfprintf_r
 .text._printf_common
                0x08003e78       0xe4 E:/stm32cubeide/STM32CubeIDE_1.16.0/STM32CubeIDE/plugins/com.st.stm32cube.ide.mcu.externaltools.gnu-tools-for-stm32.12.3.rel1.win32_1.0.200.202406191623/tools/bin/../lib/gcc/arm-none-eabi/12.3.1/../../../../arm-none-eabi/lib/thumb/v7-m/nofp\libc_nano.a(libc_a-nano-vfprintf_i.o)
                0x08003e78                _printf_common
 .text._printf_i
                0x08003f5c      0x240 E:/stm32cubeide/STM32CubeIDE_1.16.0/STM32CubeIDE/plugins/com.st.stm32cube.ide.mcu.externaltools.gnu-tools-for-stm32.12.3.rel1.win32_1.0.200.202406191623/tools/bin/../lib/gcc/arm-none-eabi/12.3.1/../../../../arm-none-eabi/lib/thumb/v7-m/nofp\libc_nano.a(libc_a-nano-vfprintf_i.o)
                0x08003f5c                _printf_i
 .text.memmove  0x0800419c       0x34 E:/stm32cubeide/STM32CubeIDE_1.16.0/STM32CubeIDE/plugins/com.st.stm32cube.ide.mcu.externaltools.gnu-tools-for-stm32.12.3.rel1.win32_1.0.200.202406191623/tools/bin/../lib/gcc/arm-none-eabi/12.3.1/../../../../arm-none-eabi/lib/thumb/v7-m/nofp\libc_nano.a(libc_a-memmove.o)
                0x0800419c                memmove
 .text.memchr   0x080041d0       0x1c E:/stm32cubeide/STM32CubeIDE_1.16.0/STM32CubeIDE/plugins/com.st.stm32cube.ide.mcu.externaltools.gnu-tools-for-stm32.12.3.rel1.win32_1.0.200.202406191623/tools/bin/../lib/gcc/arm-none-eabi/12.3.1/../../../../arm-none-eabi/lib/thumb/v7-m/nofp\libc_nano.a(libc_a-memchr-stub.o)
                0x080041d0                memchr
 .text.memcpy   0x080041ec       0x1c E:/stm32cubeide/STM32CubeIDE_1.16.0/STM32CubeIDE/plugins/com.st.stm32cube.ide.mcu.externaltools.gnu-tools-for-stm32.12.3.rel1.win32_1.0.200.202406191623/tools/bin/../lib/gcc/arm-none-eabi/12.3.1/../../../../arm-none-eabi/lib/thumb/v7-m/nofp\libc_nano.a(libc_a-memcpy-stub.o)
                0x080041ec                memcpy
 .text._realloc_r
                0x08004208       0x5c E:/stm32cubeide/STM32CubeIDE_1.16.0/STM32CubeIDE/plugins/com.st.stm32cube.ide.mcu.externaltools.gnu-tools-for-stm32.12.3.rel1.win32_1.0.200.202406191623/tools/bin/../lib/gcc/arm-none-eabi/12.3.1/../../../../arm-none-eabi/lib/thumb/v7-m/nofp\libc_nano.a(libc_a-reallocr.o)
                0x08004208                _realloc_r
 .text._malloc_usable_size_r
                0x08004264       0x10 E:/stm32cubeide/STM32CubeIDE_1.16.0/STM32CubeIDE/plugins/com.st.stm32cube.ide.mcu.externaltools.gnu-tools-for-stm32.12.3.rel1.win32_1.0.200.202406191623/tools/bin/../lib/gcc/arm-none-eabi/12.3.1/../../../../arm-none-eabi/lib/thumb/v7-m/nofp\libc_nano.a(libc_a-msizer.o)
                0x08004264                _malloc_usable_size_r
 *(.glue_7)
 .glue_7        0x08004274        0x0 linker stubs
 *(.glue_7t)
 .glue_7t       0x08004274        0x0 linker stubs
 *(.eh_frame)
 .eh_frame      0x08004274        0x0 E:/stm32cubeide/STM32CubeIDE_1.16.0/STM32CubeIDE/plugins/com.st.stm32cube.ide.mcu.externaltools.gnu-tools-for-stm32.12.3.rel1.win32_1.0.200.202406191623/tools/bin/../lib/gcc/arm-none-eabi/12.3.1/thumb/v7-m/nofp/crtbegin.o
 *(.init)
 .init          0x08004274        0x4 E:/stm32cubeide/STM32CubeIDE_1.16.0/STM32CubeIDE/plugins/com.st.stm32cube.ide.mcu.externaltools.gnu-tools-for-stm32.12.3.rel1.win32_1.0.200.202406191623/tools/bin/../lib/gcc/arm-none-eabi/12.3.1/thumb/v7-m/nofp/crti.o
                0x08004274                _init
 .init          0x08004278        0x8 E:/stm32cubeide/STM32CubeIDE_1.16.0/STM32CubeIDE/plugins/com.st.stm32cube.ide.mcu.externaltools.gnu-tools-for-stm32.12.3.rel1.win32_1.0.200.202406191623/tools/bin/../lib/gcc/arm-none-eabi/12.3.1/thumb/v7-m/nofp/crtn.o
 *(.fini)
 .fini          0x08004280        0x4 E:/stm32cubeide/STM32CubeIDE_1.16.0/STM32CubeIDE/plugins/com.st.stm32cube.ide.mcu.externaltools.gnu-tools-for-stm32.12.3.rel1.win32_1.0.200.202406191623/tools/bin/../lib/gcc/arm-none-eabi/12.3.1/thumb/v7-m/nofp/crti.o
                0x08004280                _fini
 .fini          0x08004284        0x8 E:/stm32cubeide/STM32CubeIDE_1.16.0/STM32CubeIDE/plugins/com.st.stm32cube.ide.mcu.externaltools.gnu-tools-for-stm32.12.3.rel1.win32_1.0.200.202406191623/tools/bin/../lib/gcc/arm-none-eabi/12.3.1/thumb/v7-m/nofp/crtn.o
                0x0800428c                        . = ALIGN (0x4)
                0x0800428c                        _etext = .

.vfp11_veneer   0x0800428c        0x0
 .vfp11_veneer  0x0800428c        0x0 linker stubs

.v4_bx          0x0800428c        0x0
 .v4_bx         0x0800428c        0x0 linker stubs

.iplt           0x0800428c        0x0
 .iplt          0x0800428c        0x0 E:/stm32cubeide/STM32CubeIDE_1.16.0/STM32CubeIDE/plugins/com.st.stm32cube.ide.mcu.externaltools.gnu-tools-for-stm32.12.3.rel1.win32_1.0.200.202406191623/tools/bin/../lib/gcc/arm-none-eabi/12.3.1/thumb/v7-m/nofp/crtbegin.o

.rodata         0x0800428c       0xec
                0x0800428c                        . = ALIGN (0x4)
 *(.rodata)
 .rodata        0x0800428c       0x8c ./Core/Src/global.o
 *(.rodata*)
 .rodata.AHBPrescTable
                0x08004318       0x10 ./Core/Src/system_stm32f1xx.o
                0x08004318                AHBPrescTable
 .rodata.APBPrescTable
                0x08004328        0x8 ./Core/Src/system_stm32f1xx.o
                0x08004328                APBPrescTable
 .rodata.aPLLMULFactorTable.1
                0x08004330       0x10 ./Drivers/STM32F1xx_HAL_Driver/Src/stm32f1xx_hal_rcc.o
 .rodata.aPredivFactorTable.0
                0x08004340        0x2 ./Drivers/STM32F1xx_HAL_Driver/Src/stm32f1xx_hal_rcc.o
 .rodata._svfprintf_r.str1.1
                0x08004342       0x11 E:/stm32cubeide/STM32CubeIDE_1.16.0/STM32CubeIDE/plugins/com.st.stm32cube.ide.mcu.externaltools.gnu-tools-for-stm32.12.3.rel1.win32_1.0.200.202406191623/tools/bin/../lib/gcc/arm-none-eabi/12.3.1/../../../../arm-none-eabi/lib/thumb/v7-m/nofp\libc_nano.a(libc_a-nano-svfprintf.o)
 .rodata._printf_i.str1.1
                0x08004353       0x22 E:/stm32cubeide/STM32CubeIDE_1.16.0/STM32CubeIDE/plugins/com.st.stm32cube.ide.mcu.externaltools.gnu-tools-for-stm32.12.3.rel1.win32_1.0.200.202406191623/tools/bin/../lib/gcc/arm-none-eabi/12.3.1/../../../../arm-none-eabi/lib/thumb/v7-m/nofp\libc_nano.a(libc_a-nano-vfprintf_i.o)
                0x08004378                        . = ALIGN (0x4)
 *fill*         0x08004375        0x3 

.rel.dyn        0x08004378        0x0
 .rel.iplt      0x08004378        0x0 E:/stm32cubeide/STM32CubeIDE_1.16.0/STM32CubeIDE/plugins/com.st.stm32cube.ide.mcu.externaltools.gnu-tools-for-stm32.12.3.rel1.win32_1.0.200.202406191623/tools/bin/../lib/gcc/arm-none-eabi/12.3.1/thumb/v7-m/nofp/crtbegin.o

.ARM.extab      0x08004378        0x0
                0x08004378                        . = ALIGN (0x4)
 *(.ARM.extab* .gnu.linkonce.armextab.*)
                0x08004378                        . = ALIGN (0x4)

.ARM            0x08004378        0x0
                0x08004378                        . = ALIGN (0x4)
                0x08004378                        __exidx_start = .
 *(.ARM.exidx*)
                0x08004378                        __exidx_end = .
                0x08004378                        . = ALIGN (0x4)

.preinit_array  0x08004378        0x0
                0x08004378                        . = ALIGN (0x4)
                0x08004378                        PROVIDE (__preinit_array_start = .)
 *(.preinit_array*)
                0x08004378                        PROVIDE (__preinit_array_end = .)
                0x08004378                        . = ALIGN (0x4)

.init_array     0x08004378        0x4
                0x08004378                        . = ALIGN (0x4)
                0x08004378                        PROVIDE (__init_array_start = .)
 *(SORT_BY_NAME(.init_array.*))
 *(.init_array*)
 .init_array    0x08004378        0x4 E:/stm32cubeide/STM32CubeIDE_1.16.0/STM32CubeIDE/plugins/com.st.stm32cube.ide.mcu.externaltools.gnu-tools-for-stm32.12.3.rel1.win32_1.0.200.202406191623/tools/bin/../lib/gcc/arm-none-eabi/12.3.1/thumb/v7-m/nofp/crtbegin.o
                0x0800437c                        PROVIDE (__init_array_end = .)
                0x0800437c                        . = ALIGN (0x4)

.fini_array     0x0800437c        0x4
                0x0800437c                        . = ALIGN (0x4)
                [!provide]                        PROVIDE (__fini_array_start = .)
 *(SORT_BY_NAME(.fini_array.*))
 *(.fini_array*)
 .fini_array    0x0800437c        0x4 E:/stm32cubeide/STM32CubeIDE_1.16.0/STM32CubeIDE/plugins/com.st.stm32cube.ide.mcu.externaltools.gnu-tools-for-stm32.12.3.rel1.win32_1.0.200.202406191623/tools/bin/../lib/gcc/arm-none-eabi/12.3.1/thumb/v7-m/nofp/crtbegin.o
                [!provide]                        PROVIDE (__fini_array_end = .)
                0x08004380                        . = ALIGN (0x4)
                0x08004380                        _sidata = LOADADDR (.data)

.data           0x20000000       0x88 load address 0x08004380
                0x20000000                        . = ALIGN (0x4)
                0x20000000                        _sdata = .
 *(.data)
 *(.data*)
 .data.time_of_color
                0x20000000        0x6 ./Core/Src/global.o
                0x20000000                time_of_color
 *fill*         0x20000006        0x2 
 .data.Traffic_Light1
                0x20000008       0x10 ./Core/Src/global.o
                0x20000008                Traffic_Light1
 .data.Traffic_Light2
                0x20000018       0x10 ./Core/Src/global.o
                0x20000018                Traffic_Light2
 .data.status_mode
                0x20000028        0x1 ./Core/Src/global.o
                0x20000028                status_mode
 *fill*         0x20000029        0x3 
 .data.SystemCoreClock
                0x2000002c        0x4 ./Core/Src/system_stm32f1xx.o
                0x2000002c                SystemCoreClock
 .data.uwTickPrio
                0x20000030        0x4 ./Drivers/STM32F1xx_HAL_Driver/Src/stm32f1xx_hal.o
                0x20000030                uwTickPrio
 .data.uwTickFreq
                0x20000034        0x1 ./Drivers/STM32F1xx_HAL_Driver/Src/stm32f1xx_hal.o
                0x20000034                uwTickFreq
 *fill*         0x20000035        0x3 
 .data._impure_ptr
                0x20000038        0x4 E:/stm32cubeide/STM32CubeIDE_1.16.0/STM32CubeIDE/plugins/com.st.stm32cube.ide.mcu.externaltools.gnu-tools-for-stm32.12.3.rel1.win32_1.0.200.202406191623/tools/bin/../lib/gcc/arm-none-eabi/12.3.1/../../../../arm-none-eabi/lib/thumb/v7-m/nofp\libc_nano.a(libc_a-impure.o)
                0x20000038                _impure_ptr
 .data._impure_data
                0x2000003c       0x4c E:/stm32cubeide/STM32CubeIDE_1.16.0/STM32CubeIDE/plugins/com.st.stm32cube.ide.mcu.externaltools.gnu-tools-for-stm32.12.3.rel1.win32_1.0.200.202406191623/tools/bin/../lib/gcc/arm-none-eabi/12.3.1/../../../../arm-none-eabi/lib/thumb/v7-m/nofp\libc_nano.a(libc_a-impure.o)
                0x2000003c                _impure_data
 *(.RamFunc)
 *(.RamFunc*)
                0x20000088                        . = ALIGN (0x4)
                0x20000088                        _edata = .

.igot.plt       0x20000088        0x0 load address 0x08004408
 .igot.plt      0x20000088        0x0 E:/stm32cubeide/STM32CubeIDE_1.16.0/STM32CubeIDE/plugins/com.st.stm32cube.ide.mcu.externaltools.gnu-tools-for-stm32.12.3.rel1.win32_1.0.200.202406191623/tools/bin/../lib/gcc/arm-none-eabi/12.3.1/thumb/v7-m/nofp/crtbegin.o
                0x20000088                        . = ALIGN (0x4)

.bss            0x20000088      0x2e0 load address 0x08004408
                0x20000088                        _sbss = .
                0x20000088                        __bss_start__ = _sbss
 *(.bss)
 .bss           0x20000088       0x1c E:/stm32cubeide/STM32CubeIDE_1.16.0/STM32CubeIDE/plugins/com.st.stm32cube.ide.mcu.externaltools.gnu-tools-for-stm32.12.3.rel1.win32_1.0.200.202406191623/tools/bin/../lib/gcc/arm-none-eabi/12.3.1/thumb/v7-m/nofp/crtbegin.o
 *(.bss*)
 .bss.manual_led_0
                0x200000a4        0x1 ./Core/Src/FMS_mode.o
                0x200000a4                manual_led_0
 .bss.manual_led_1
                0x200000a5        0x1 ./Core/Src/FMS_mode.o
                0x200000a5                manual_led_1
 .bss.current_value
                0x200000a6        0x2 ./Core/Src/FMS_mode.o
                0x200000a6                current_value
 .bss.KeyReg    0x200000a8       0x18 ./Core/Src/button.o
                0x200000a8                KeyReg
 .bss.TimeOutForKeyPress
                0x200000c0        0x6 ./Core/Src/button.o
                0x200000c0                TimeOutForKeyPress
 *fill*         0x200000c6        0x2 
 .bss.button_long_pressed
                0x200000c8        0x6 ./Core/Src/button.o
                0x200000c8                button_long_pressed
 *fill*         0x200000ce        0x2 
 .bss.button_flag
                0x200000d0        0x6 ./Core/Src/button.o
                0x200000d0                button_flag
 .bss.status_traffic_light
                0x200000d6        0x1 ./Core/Src/global.o
                0x200000d6                status_traffic_light
 *fill*         0x200000d7        0x1 
 .bss.count_road1
                0x200000d8        0x2 ./Core/Src/global.o
                0x200000d8                count_road1
 .bss.count_road2
                0x200000da        0x2 ./Core/Src/global.o
                0x200000da                count_road2
 .bss.ouput1    0x200000dc       0x32 ./Core/Src/global.o
                0x200000dc                ouput1
 *fill*         0x2000010e        0x2 
 .bss.ouput2    0x20000110       0x32 ./Core/Src/global.o
                0x20000110                ouput2
 *fill*         0x20000142        0x2 
 .bss.hi2c1     0x20000144       0x54 ./Core/Src/main.o
                0x20000144                hi2c1
 .bss.htim2     0x20000198       0x48 ./Core/Src/main.o
                0x20000198                htim2
 .bss.list_tasks
                0x200001e0        0x4 ./Core/Src/scheduler.o
                0x200001e0                list_tasks
 .bss.flag_timer
                0x200001e4        0xa ./Core/Src/software_timer.o
                0x200001e4                flag_timer
 *fill*         0x200001ee        0x2 
 .bss.timer_counter
                0x200001f0       0x28 ./Core/Src/software_timer.o
                0x200001f0                timer_counter
 .bss.__sbrk_heap_end
                0x20000218        0x4 ./Core/Src/sysmem.o
 .bss.uwTick    0x2000021c        0x4 ./Drivers/STM32F1xx_HAL_Driver/Src/stm32f1xx_hal.o
                0x2000021c                uwTick
 .bss.__malloc_sbrk_start
                0x20000220        0x4 E:/stm32cubeide/STM32CubeIDE_1.16.0/STM32CubeIDE/plugins/com.st.stm32cube.ide.mcu.externaltools.gnu-tools-for-stm32.12.3.rel1.win32_1.0.200.202406191623/tools/bin/../lib/gcc/arm-none-eabi/12.3.1/../../../../arm-none-eabi/lib/thumb/v7-m/nofp\libc_nano.a(libc_a-mallocr.o)
                0x20000220                __malloc_sbrk_start
 .bss.__malloc_free_list
                0x20000224        0x4 E:/stm32cubeide/STM32CubeIDE_1.16.0/STM32CubeIDE/plugins/com.st.stm32cube.ide.mcu.externaltools.gnu-tools-for-stm32.12.3.rel1.win32_1.0.200.202406191623/tools/bin/../lib/gcc/arm-none-eabi/12.3.1/../../../../arm-none-eabi/lib/thumb/v7-m/nofp\libc_nano.a(libc_a-mallocr.o)
                0x20000224                __malloc_free_list
 .bss.__sf      0x20000228      0x138 E:/stm32cubeide/STM32CubeIDE_1.16.0/STM32CubeIDE/plugins/com.st.stm32cube.ide.mcu.externaltools.gnu-tools-for-stm32.12.3.rel1.win32_1.0.200.202406191623/tools/bin/../lib/gcc/arm-none-eabi/12.3.1/../../../../arm-none-eabi/lib/thumb/v7-m/nofp\libc_nano.a(libc_a-findfp.o)
                0x20000228                __sf
 .bss.errno     0x20000360        0x4 E:/stm32cubeide/STM32CubeIDE_1.16.0/STM32CubeIDE/plugins/com.st.stm32cube.ide.mcu.externaltools.gnu-tools-for-stm32.12.3.rel1.win32_1.0.200.202406191623/tools/bin/../lib/gcc/arm-none-eabi/12.3.1/../../../../arm-none-eabi/lib/thumb/v7-m/nofp\libc_nano.a(libc_a-reent.o)
                0x20000360                errno
 .bss.__lock___malloc_recursive_mutex
                0x20000364        0x1 E:/stm32cubeide/STM32CubeIDE_1.16.0/STM32CubeIDE/plugins/com.st.stm32cube.ide.mcu.externaltools.gnu-tools-for-stm32.12.3.rel1.win32_1.0.200.202406191623/tools/bin/../lib/gcc/arm-none-eabi/12.3.1/../../../../arm-none-eabi/lib/thumb/v7-m/nofp\libc_nano.a(libc_a-lock.o)
                0x20000364                __lock___malloc_recursive_mutex
 *(COMMON)
                0x20000368                        . = ALIGN (0x4)
 *fill*         0x20000365        0x3 
                0x20000368                        _ebss = .
                0x20000368                        __bss_end__ = _ebss

._user_heap_stack
                0x20000368      0x600 load address 0x08004408
                0x20000368                        . = ALIGN (0x8)
                [!provide]                        PROVIDE (end = .)
                0x20000368                        PROVIDE (_end = .)
                0x20000568                        . = (. + _Min_Heap_Size)
 *fill*         0x20000368      0x200 
                0x20000968                        . = (. + _Min_Stack_Size)
 *fill*         0x20000568      0x400 
                0x20000968                        . = ALIGN (0x8)

/DISCARD/
 libc.a(*)
 libm.a(*)
 libgcc.a(*)

.ARM.attributes
                0x00000000       0x29
 *(.ARM.attributes)
 .ARM.attributes
                0x00000000       0x1d E:/stm32cubeide/STM32CubeIDE_1.16.0/STM32CubeIDE/plugins/com.st.stm32cube.ide.mcu.externaltools.gnu-tools-for-stm32.12.3.rel1.win32_1.0.200.202406191623/tools/bin/../lib/gcc/arm-none-eabi/12.3.1/thumb/v7-m/nofp/crti.o
 .ARM.attributes
                0x0000001d       0x2d E:/stm32cubeide/STM32CubeIDE_1.16.0/STM32CubeIDE/plugins/com.st.stm32cube.ide.mcu.externaltools.gnu-tools-for-stm32.12.3.rel1.win32_1.0.200.202406191623/tools/bin/../lib/gcc/arm-none-eabi/12.3.1/thumb/v7-m/nofp/crtbegin.o
 .ARM.attributes
                0x0000004a       0x2d ./Core/Src/FMS_mode.o
 .ARM.attributes
                0x00000077       0x2d ./Core/Src/button.o
 .ARM.attributes
                0x000000a4       0x2d ./Core/Src/global.o
 .ARM.attributes
                0x000000d1       0x2d ./Core/Src/i2c-lcd.o
 .ARM.attributes
                0x000000fe       0x2d ./Core/Src/main.o
 .ARM.attributes
                0x0000012b       0x2d ./Core/Src/scheduler.o
 .ARM.attributes
                0x00000158       0x2d ./Core/Src/software_timer.o
 .ARM.attributes
                0x00000185       0x2d ./Core/Src/stm32f1xx_hal_msp.o
 .ARM.attributes
                0x000001b2       0x2d ./Core/Src/stm32f1xx_it.o
 .ARM.attributes
                0x000001df       0x2d ./Core/Src/sysmem.o
 .ARM.attributes
                0x0000020c       0x2d ./Core/Src/system_stm32f1xx.o
 .ARM.attributes
                0x00000239       0x2d ./Core/Src/traffic_light.o
 .ARM.attributes
                0x00000266       0x21 ./Core/Startup/startup_stm32f103rbtx.o
 .ARM.attributes
                0x00000287       0x2d ./Drivers/STM32F1xx_HAL_Driver/Src/stm32f1xx_hal.o
 .ARM.attributes
                0x000002b4       0x2d ./Drivers/STM32F1xx_HAL_Driver/Src/stm32f1xx_hal_cortex.o
 .ARM.attributes
                0x000002e1       0x2d ./Drivers/STM32F1xx_HAL_Driver/Src/stm32f1xx_hal_gpio.o
 .ARM.attributes
                0x0000030e       0x2d ./Drivers/STM32F1xx_HAL_Driver/Src/stm32f1xx_hal_i2c.o
 .ARM.attributes
                0x0000033b       0x2d ./Drivers/STM32F1xx_HAL_Driver/Src/stm32f1xx_hal_rcc.o
 .ARM.attributes
                0x00000368       0x2d ./Drivers/STM32F1xx_HAL_Driver/Src/stm32f1xx_hal_tim.o
 .ARM.attributes
                0x00000395       0x2d ./Drivers/STM32F1xx_HAL_Driver/Src/stm32f1xx_hal_tim_ex.o
 .ARM.attributes
                0x000003c2       0x2d E:/stm32cubeide/STM32CubeIDE_1.16.0/STM32CubeIDE/plugins/com.st.stm32cube.ide.mcu.externaltools.gnu-tools-for-stm32.12.3.rel1.win32_1.0.200.202406191623/tools/bin/../lib/gcc/arm-none-eabi/12.3.1/../../../../arm-none-eabi/lib/thumb/v7-m/nofp\libc_nano.a(libc_a-malloc.o)
 .ARM.attributes
                0x000003ef       0x2d E:/stm32cubeide/STM32CubeIDE_1.16.0/STM32CubeIDE/plugins/com.st.stm32cube.ide.mcu.externaltools.gnu-tools-for-stm32.12.3.rel1.win32_1.0.200.202406191623/tools/bin/../lib/gcc/arm-none-eabi/12.3.1/../../../../arm-none-eabi/lib/thumb/v7-m/nofp\libc_nano.a(libc_a-mallocr.o)
 .ARM.attributes
                0x0000041c       0x2d E:/stm32cubeide/STM32CubeIDE_1.16.0/STM32CubeIDE/plugins/com.st.stm32cube.ide.mcu.externaltools.gnu-tools-for-stm32.12.3.rel1.win32_1.0.200.202406191623/tools/bin/../lib/gcc/arm-none-eabi/12.3.1/../../../../arm-none-eabi/lib/thumb/v7-m/nofp\libc_nano.a(libc_a-mlock.o)
 .ARM.attributes
                0x00000449       0x2d E:/stm32cubeide/STM32CubeIDE_1.16.0/STM32CubeIDE/plugins/com.st.stm32cube.ide.mcu.externaltools.gnu-tools-for-stm32.12.3.rel1.win32_1.0.200.202406191623/tools/bin/../lib/gcc/arm-none-eabi/12.3.1/../../../../arm-none-eabi/lib/thumb/v7-m/nofp\libc_nano.a(libc_a-findfp.o)
 .ARM.attributes
                0x00000476       0x2d E:/stm32cubeide/STM32CubeIDE_1.16.0/STM32CubeIDE/plugins/com.st.stm32cube.ide.mcu.externaltools.gnu-tools-for-stm32.12.3.rel1.win32_1.0.200.202406191623/tools/bin/../lib/gcc/arm-none-eabi/12.3.1/../../../../arm-none-eabi/lib/thumb/v7-m/nofp\libc_nano.a(libc_a-sprintf.o)
 .ARM.attributes
                0x000004a3       0x2d E:/stm32cubeide/STM32CubeIDE_1.16.0/STM32CubeIDE/plugins/com.st.stm32cube.ide.mcu.externaltools.gnu-tools-for-stm32.12.3.rel1.win32_1.0.200.202406191623/tools/bin/../lib/gcc/arm-none-eabi/12.3.1/../../../../arm-none-eabi/lib/thumb/v7-m/nofp\libc_nano.a(libc_a-memset.o)
 .ARM.attributes
                0x000004d0       0x2d E:/stm32cubeide/STM32CubeIDE_1.16.0/STM32CubeIDE/plugins/com.st.stm32cube.ide.mcu.externaltools.gnu-tools-for-stm32.12.3.rel1.win32_1.0.200.202406191623/tools/bin/../lib/gcc/arm-none-eabi/12.3.1/../../../../arm-none-eabi/lib/thumb/v7-m/nofp\libc_nano.a(libc_a-reent.o)
 .ARM.attributes
                0x000004fd       0x2d E:/stm32cubeide/STM32CubeIDE_1.16.0/STM32CubeIDE/plugins/com.st.stm32cube.ide.mcu.externaltools.gnu-tools-for-stm32.12.3.rel1.win32_1.0.200.202406191623/tools/bin/../lib/gcc/arm-none-eabi/12.3.1/../../../../arm-none-eabi/lib/thumb/v7-m/nofp\libc_nano.a(libc_a-impure.o)
 .ARM.attributes
                0x0000052a       0x2d E:/stm32cubeide/STM32CubeIDE_1.16.0/STM32CubeIDE/plugins/com.st.stm32cube.ide.mcu.externaltools.gnu-tools-for-stm32.12.3.rel1.win32_1.0.200.202406191623/tools/bin/../lib/gcc/arm-none-eabi/12.3.1/../../../../arm-none-eabi/lib/thumb/v7-m/nofp\libc_nano.a(libc_a-sbrkr.o)
 .ARM.attributes
                0x00000557       0x2d E:/stm32cubeide/STM32CubeIDE_1.16.0/STM32CubeIDE/plugins/com.st.stm32cube.ide.mcu.externaltools.gnu-tools-for-stm32.12.3.rel1.win32_1.0.200.202406191623/tools/bin/../lib/gcc/arm-none-eabi/12.3.1/../../../../arm-none-eabi/lib/thumb/v7-m/nofp\libc_nano.a(libc_a-errno.o)
 .ARM.attributes
                0x00000584       0x2d E:/stm32cubeide/STM32CubeIDE_1.16.0/STM32CubeIDE/plugins/com.st.stm32cube.ide.mcu.externaltools.gnu-tools-for-stm32.12.3.rel1.win32_1.0.200.202406191623/tools/bin/../lib/gcc/arm-none-eabi/12.3.1/../../../../arm-none-eabi/lib/thumb/v7-m/nofp\libc_nano.a(libc_a-init.o)
 .ARM.attributes
                0x000005b1       0x2d E:/stm32cubeide/STM32CubeIDE_1.16.0/STM32CubeIDE/plugins/com.st.stm32cube.ide.mcu.externaltools.gnu-tools-for-stm32.12.3.rel1.win32_1.0.200.202406191623/tools/bin/../lib/gcc/arm-none-eabi/12.3.1/../../../../arm-none-eabi/lib/thumb/v7-m/nofp\libc_nano.a(libc_a-lock.o)
 .ARM.attributes
                0x000005de       0x2d E:/stm32cubeide/STM32CubeIDE_1.16.0/STM32CubeIDE/plugins/com.st.stm32cube.ide.mcu.externaltools.gnu-tools-for-stm32.12.3.rel1.win32_1.0.200.202406191623/tools/bin/../lib/gcc/arm-none-eabi/12.3.1/../../../../arm-none-eabi/lib/thumb/v7-m/nofp\libc_nano.a(libc_a-freer.o)
 .ARM.attributes
                0x0000060b       0x2d E:/stm32cubeide/STM32CubeIDE_1.16.0/STM32CubeIDE/plugins/com.st.stm32cube.ide.mcu.externaltools.gnu-tools-for-stm32.12.3.rel1.win32_1.0.200.202406191623/tools/bin/../lib/gcc/arm-none-eabi/12.3.1/../../../../arm-none-eabi/lib/thumb/v7-m/nofp\libc_nano.a(libc_a-nano-svfprintf.o)
 .ARM.attributes
                0x00000638       0x2d E:/stm32cubeide/STM32CubeIDE_1.16.0/STM32CubeIDE/plugins/com.st.stm32cube.ide.mcu.externaltools.gnu-tools-for-stm32.12.3.rel1.win32_1.0.200.202406191623/tools/bin/../lib/gcc/arm-none-eabi/12.3.1/../../../../arm-none-eabi/lib/thumb/v7-m/nofp\libc_nano.a(libc_a-nano-vfprintf_i.o)
 .ARM.attributes
                0x00000665       0x2d E:/stm32cubeide/STM32CubeIDE_1.16.0/STM32CubeIDE/plugins/com.st.stm32cube.ide.mcu.externaltools.gnu-tools-for-stm32.12.3.rel1.win32_1.0.200.202406191623/tools/bin/../lib/gcc/arm-none-eabi/12.3.1/../../../../arm-none-eabi/lib/thumb/v7-m/nofp\libc_nano.a(libc_a-memmove.o)
 .ARM.attributes
                0x00000692       0x2d E:/stm32cubeide/STM32CubeIDE_1.16.0/STM32CubeIDE/plugins/com.st.stm32cube.ide.mcu.externaltools.gnu-tools-for-stm32.12.3.rel1.win32_1.0.200.202406191623/tools/bin/../lib/gcc/arm-none-eabi/12.3.1/../../../../arm-none-eabi/lib/thumb/v7-m/nofp\libc_nano.a(libc_a-memchr-stub.o)
 .ARM.attributes
                0x000006bf       0x2d E:/stm32cubeide/STM32CubeIDE_1.16.0/STM32CubeIDE/plugins/com.st.stm32cube.ide.mcu.externaltools.gnu-tools-for-stm32.12.3.rel1.win32_1.0.200.202406191623/tools/bin/../lib/gcc/arm-none-eabi/12.3.1/../../../../arm-none-eabi/lib/thumb/v7-m/nofp\libc_nano.a(libc_a-memcpy-stub.o)
 .ARM.attributes
                0x000006ec       0x2d E:/stm32cubeide/STM32CubeIDE_1.16.0/STM32CubeIDE/plugins/com.st.stm32cube.ide.mcu.externaltools.gnu-tools-for-stm32.12.3.rel1.win32_1.0.200.202406191623/tools/bin/../lib/gcc/arm-none-eabi/12.3.1/../../../../arm-none-eabi/lib/thumb/v7-m/nofp\libc_nano.a(libc_a-reallocr.o)
 .ARM.attributes
                0x00000719       0x2d E:/stm32cubeide/STM32CubeIDE_1.16.0/STM32CubeIDE/plugins/com.st.stm32cube.ide.mcu.externaltools.gnu-tools-for-stm32.12.3.rel1.win32_1.0.200.202406191623/tools/bin/../lib/gcc/arm-none-eabi/12.3.1/../../../../arm-none-eabi/lib/thumb/v7-m/nofp\libc_nano.a(libc_a-msizer.o)
 .ARM.attributes
                0x00000746       0x1d E:/stm32cubeide/STM32CubeIDE_1.16.0/STM32CubeIDE/plugins/com.st.stm32cube.ide.mcu.externaltools.gnu-tools-for-stm32.12.3.rel1.win32_1.0.200.202406191623/tools/bin/../lib/gcc/arm-none-eabi/12.3.1/thumb/v7-m/nofp/crtn.o
OUTPUT(Assignment.elf elf32-littlearm)
LOAD linker stubs
LOAD E:/stm32cubeide/STM32CubeIDE_1.16.0/STM32CubeIDE/plugins/com.st.stm32cube.ide.mcu.externaltools.gnu-tools-for-stm32.12.3.rel1.win32_1.0.200.202406191623/tools/bin/../lib/gcc/arm-none-eabi/12.3.1/../../../../arm-none-eabi/lib/thumb/v7-m/nofp\libc.a
LOAD E:/stm32cubeide/STM32CubeIDE_1.16.0/STM32CubeIDE/plugins/com.st.stm32cube.ide.mcu.externaltools.gnu-tools-for-stm32.12.3.rel1.win32_1.0.200.202406191623/tools/bin/../lib/gcc/arm-none-eabi/12.3.1/../../../../arm-none-eabi/lib/thumb/v7-m/nofp\libm.a
LOAD E:/stm32cubeide/STM32CubeIDE_1.16.0/STM32CubeIDE/plugins/com.st.stm32cube.ide.mcu.externaltools.gnu-tools-for-stm32.12.3.rel1.win32_1.0.200.202406191623/tools/bin/../lib/gcc/arm-none-eabi/12.3.1/thumb/v7-m/nofp\libgcc.a

.debug_info     0x00000000     0xc6e7
 .debug_info    0x00000000      0x31b ./Core/Src/FMS_mode.o
 .debug_info    0x0000031b      0x2e4 ./Core/Src/button.o
 .debug_info    0x000005ff      0x344 ./Core/Src/global.o
 .debug_info    0x00000943      0x721 ./Core/Src/i2c-lcd.o
 .debug_info    0x00001064      0xeb1 ./Core/Src/main.o
 .debug_info    0x00001f15      0x357 ./Core/Src/scheduler.o
 .debug_info    0x0000226c      0x788 ./Core/Src/software_timer.o
 .debug_info    0x000029f4      0xd99 ./Core/Src/stm32f1xx_hal_msp.o
 .debug_info    0x0000378d      0x6a1 ./Core/Src/stm32f1xx_it.o
 .debug_info    0x00003e2e      0x168 ./Core/Src/sysmem.o
 .debug_info    0x00003f96      0x222 ./Core/Src/system_stm32f1xx.o
 .debug_info    0x000041b8      0x2dc ./Core/Src/traffic_light.o
 .debug_info    0x00004494       0x30 ./Core/Startup/startup_stm32f103rbtx.o
 .debug_info    0x000044c4      0x704 ./Drivers/STM32F1xx_HAL_Driver/Src/stm32f1xx_hal.o
 .debug_info    0x00004bc8      0xa87 ./Drivers/STM32F1xx_HAL_Driver/Src/stm32f1xx_hal_cortex.o
 .debug_info    0x0000564f      0x5ab ./Drivers/STM32F1xx_HAL_Driver/Src/stm32f1xx_hal_gpio.o
 .debug_info    0x00005bfa     0x2524 ./Drivers/STM32F1xx_HAL_Driver/Src/stm32f1xx_hal_i2c.o
 .debug_info    0x0000811e      0x7d5 ./Drivers/STM32F1xx_HAL_Driver/Src/stm32f1xx_hal_rcc.o
 .debug_info    0x000088f3     0x2959 ./Drivers/STM32F1xx_HAL_Driver/Src/stm32f1xx_hal_tim.o
 .debug_info    0x0000b24c     0x149b ./Drivers/STM32F1xx_HAL_Driver/Src/stm32f1xx_hal_tim_ex.o

.debug_abbrev   0x00000000     0x25ad
 .debug_abbrev  0x00000000      0x1ab ./Core/Src/FMS_mode.o
 .debug_abbrev  0x000001ab      0x1af ./Core/Src/button.o
 .debug_abbrev  0x0000035a      0x17c ./Core/Src/global.o
 .debug_abbrev  0x000004d6      0x1d3 ./Core/Src/i2c-lcd.o
 .debug_abbrev  0x000006a9      0x2ee ./Core/Src/main.o
 .debug_abbrev  0x00000997      0x19b ./Core/Src/scheduler.o
 .debug_abbrev  0x00000b32      0x235 ./Core/Src/software_timer.o
 .debug_abbrev  0x00000d67      0x1d5 ./Core/Src/stm32f1xx_hal_msp.o
 .debug_abbrev  0x00000f3c      0x191 ./Core/Src/stm32f1xx_it.o
 .debug_abbrev  0x000010cd       0xbc ./Core/Src/sysmem.o
 .debug_abbrev  0x00001189      0x13f ./Core/Src/system_stm32f1xx.o
 .debug_abbrev  0x000012c8      0x1af ./Core/Src/traffic_light.o
 .debug_abbrev  0x00001477       0x24 ./Core/Startup/startup_stm32f103rbtx.o
 .debug_abbrev  0x0000149b      0x201 ./Drivers/STM32F1xx_HAL_Driver/Src/stm32f1xx_hal.o
 .debug_abbrev  0x0000169c      0x2f8 ./Drivers/STM32F1xx_HAL_Driver/Src/stm32f1xx_hal_cortex.o
 .debug_abbrev  0x00001994      0x1ca ./Drivers/STM32F1xx_HAL_Driver/Src/stm32f1xx_hal_gpio.o
 .debug_abbrev  0x00001b5e      0x2a3 ./Drivers/STM32F1xx_HAL_Driver/Src/stm32f1xx_hal_i2c.o
 .debug_abbrev  0x00001e01      0x2b3 ./Drivers/STM32F1xx_HAL_Driver/Src/stm32f1xx_hal_rcc.o
 .debug_abbrev  0x000020b4      0x277 ./Drivers/STM32F1xx_HAL_Driver/Src/stm32f1xx_hal_tim.o
 .debug_abbrev  0x0000232b      0x282 ./Drivers/STM32F1xx_HAL_Driver/Src/stm32f1xx_hal_tim_ex.o

.debug_aranges  0x00000000      0xda0
 .debug_aranges
                0x00000000       0x30 ./Core/Src/FMS_mode.o
 .debug_aranges
                0x00000030       0x40 ./Core/Src/button.o
 .debug_aranges
                0x00000070       0x20 ./Core/Src/global.o
 .debug_aranges
                0x00000090       0x48 ./Core/Src/i2c-lcd.o
 .debug_aranges
                0x000000d8       0x48 ./Core/Src/main.o
 .debug_aranges
                0x00000120       0x48 ./Core/Src/scheduler.o
 .debug_aranges
                0x00000168       0x40 ./Core/Src/software_timer.o
 .debug_aranges
                0x000001a8       0x40 ./Core/Src/stm32f1xx_hal_msp.o
 .debug_aranges
                0x000001e8       0x68 ./Core/Src/stm32f1xx_it.o
 .debug_aranges
                0x00000250       0x20 ./Core/Src/sysmem.o
 .debug_aranges
                0x00000270       0x28 ./Core/Src/system_stm32f1xx.o
 .debug_aranges
                0x00000298       0x38 ./Core/Src/traffic_light.o
 .debug_aranges
                0x000002d0       0x28 ./Core/Startup/startup_stm32f103rbtx.o
 .debug_aranges
                0x000002f8       0xe0 ./Drivers/STM32F1xx_HAL_Driver/Src/stm32f1xx_hal.o
 .debug_aranges
                0x000003d8      0x100 ./Drivers/STM32F1xx_HAL_Driver/Src/stm32f1xx_hal_cortex.o
 .debug_aranges
                0x000004d8       0x58 ./Drivers/STM32F1xx_HAL_Driver/Src/stm32f1xx_hal_gpio.o
 .debug_aranges
                0x00000530      0x2a8 ./Drivers/STM32F1xx_HAL_Driver/Src/stm32f1xx_hal_i2c.o
 .debug_aranges
                0x000007d8       0x90 ./Drivers/STM32F1xx_HAL_Driver/Src/stm32f1xx_hal_rcc.o
 .debug_aranges
                0x00000868      0x3d0 ./Drivers/STM32F1xx_HAL_Driver/Src/stm32f1xx_hal_tim.o
 .debug_aranges
                0x00000c38      0x168 ./Drivers/STM32F1xx_HAL_Driver/Src/stm32f1xx_hal_tim_ex.o

.debug_rnglists
                0x00000000      0xa8a
 .debug_rnglists
                0x00000000       0x22 ./Core/Src/FMS_mode.o
 .debug_rnglists
                0x00000022       0x2c ./Core/Src/button.o
 .debug_rnglists
                0x0000004e       0x14 ./Core/Src/global.o
 .debug_rnglists
                0x00000062       0x31 ./Core/Src/i2c-lcd.o
 .debug_rnglists
                0x00000093       0x33 ./Core/Src/main.o
 .debug_rnglists
                0x000000c6       0x33 ./Core/Src/scheduler.o
 .debug_rnglists
                0x000000f9       0x2b ./Core/Src/software_timer.o
 .debug_rnglists
                0x00000124       0x2c ./Core/Src/stm32f1xx_hal_msp.o
 .debug_rnglists
                0x00000150       0x49 ./Core/Src/stm32f1xx_it.o
 .debug_rnglists
                0x00000199       0x13 ./Core/Src/sysmem.o
 .debug_rnglists
                0x000001ac       0x1a ./Core/Src/system_stm32f1xx.o
 .debug_rnglists
                0x000001c6       0x27 ./Core/Src/traffic_light.o
 .debug_rnglists
                0x000001ed       0x19 ./Core/Startup/startup_stm32f103rbtx.o
 .debug_rnglists
                0x00000206       0xa3 ./Drivers/STM32F1xx_HAL_Driver/Src/stm32f1xx_hal.o
 .debug_rnglists
                0x000002a9       0xbb ./Drivers/STM32F1xx_HAL_Driver/Src/stm32f1xx_hal_cortex.o
 .debug_rnglists
                0x00000364       0x3f ./Drivers/STM32F1xx_HAL_Driver/Src/stm32f1xx_hal_gpio.o
 .debug_rnglists
                0x000003a3      0x23c ./Drivers/STM32F1xx_HAL_Driver/Src/stm32f1xx_hal_i2c.o
 .debug_rnglists
                0x000005df       0x6c ./Drivers/STM32F1xx_HAL_Driver/Src/stm32f1xx_hal_rcc.o
 .debug_rnglists
                0x0000064b      0x31a ./Drivers/STM32F1xx_HAL_Driver/Src/stm32f1xx_hal_tim.o
 .debug_rnglists
                0x00000965      0x125 ./Drivers/STM32F1xx_HAL_Driver/Src/stm32f1xx_hal_tim_ex.o

.debug_macro    0x00000000    0x18f50
 .debug_macro   0x00000000      0x30b ./Core/Src/FMS_mode.o
 .debug_macro   0x0000030b      0xaa8 ./Core/Src/FMS_mode.o
 .debug_macro   0x00000db3       0x22 ./Core/Src/FMS_mode.o
 .debug_macro   0x00000dd5       0x8e ./Core/Src/FMS_mode.o
 .debug_macro   0x00000e63       0x51 ./Core/Src/FMS_mode.o
 .debug_macro   0x00000eb4      0x103 ./Core/Src/FMS_mode.o
 .debug_macro   0x00000fb7       0x6a ./Core/Src/FMS_mode.o
 .debug_macro   0x00001021      0x1df ./Core/Src/FMS_mode.o
 .debug_macro   0x00001200      0x21b ./Core/Src/FMS_mode.o
 .debug_macro   0x0000141b       0x2e ./Core/Src/FMS_mode.o
 .debug_macro   0x00001449       0x22 ./Core/Src/FMS_mode.o
 .debug_macro   0x0000146b       0x1c ./Core/Src/FMS_mode.o
 .debug_macro   0x00001487       0x22 ./Core/Src/FMS_mode.o
 .debug_macro   0x000014a9       0xbd ./Core/Src/FMS_mode.o
 .debug_macro   0x00001566      0xd23 ./Core/Src/FMS_mode.o
 .debug_macro   0x00002289     0xe09e ./Core/Src/FMS_mode.o
 .debug_macro   0x00010327       0x6d ./Core/Src/FMS_mode.o
 .debug_macro   0x00010394     0x34a2 ./Core/Src/FMS_mode.o
 .debug_macro   0x00013836      0x189 ./Core/Src/FMS_mode.o
 .debug_macro   0x000139bf       0x5c ./Core/Src/FMS_mode.o
 .debug_macro   0x00013a1b      0x5bc ./Core/Src/FMS_mode.o
 .debug_macro   0x00013fd7      0x289 ./Core/Src/FMS_mode.o
 .debug_macro   0x00014260      0x1cb ./Core/Src/FMS_mode.o
 .debug_macro   0x0001442b      0x114 ./Core/Src/FMS_mode.o
 .debug_macro   0x0001453f      0x1b2 ./Core/Src/FMS_mode.o
 .debug_macro   0x000146f1       0x27 ./Core/Src/FMS_mode.o
 .debug_macro   0x00014718      0x136 ./Core/Src/FMS_mode.o
 .debug_macro   0x0001484e      0x1bc ./Core/Src/FMS_mode.o
 .debug_macro   0x00014a0a       0x34 ./Core/Src/FMS_mode.o
 .debug_macro   0x00014a3e       0x3c ./Core/Src/FMS_mode.o
 .debug_macro   0x00014a7a       0x57 ./Core/Src/FMS_mode.o
 .debug_macro   0x00014ad1       0x87 ./Core/Src/FMS_mode.o
 .debug_macro   0x00014b58      0x240 ./Core/Src/FMS_mode.o
 .debug_macro   0x00014d98      0x287 ./Core/Src/FMS_mode.o
 .debug_macro   0x0001501f      0x140 ./Core/Src/FMS_mode.o
 .debug_macro   0x0001515f      0x8ed ./Core/Src/FMS_mode.o
 .debug_macro   0x00015a4c       0x83 ./Core/Src/FMS_mode.o
 .debug_macro   0x00015acf       0x64 ./Core/Src/FMS_mode.o
 .debug_macro   0x00015b33       0x22 ./Core/Src/FMS_mode.o
 .debug_macro   0x00015b55       0x24 ./Core/Src/FMS_mode.o
 .debug_macro   0x00015b79       0x61 ./Core/Src/FMS_mode.o
 .debug_macro   0x00015bda       0x43 ./Core/Src/FMS_mode.o
 .debug_macro   0x00015c1d       0x34 ./Core/Src/FMS_mode.o
 .debug_macro   0x00015c51       0x16 ./Core/Src/FMS_mode.o
 .debug_macro   0x00015c67       0x35 ./Core/Src/FMS_mode.o
 .debug_macro   0x00015c9c       0x16 ./Core/Src/FMS_mode.o
 .debug_macro   0x00015cb2       0x43 ./Core/Src/FMS_mode.o
 .debug_macro   0x00015cf5       0x34 ./Core/Src/FMS_mode.o
 .debug_macro   0x00015d29       0x10 ./Core/Src/FMS_mode.o
 .debug_macro   0x00015d39       0x58 ./Core/Src/FMS_mode.o
 .debug_macro   0x00015d91       0x8e ./Core/Src/FMS_mode.o
 .debug_macro   0x00015e1f       0x1c ./Core/Src/FMS_mode.o
 .debug_macro   0x00015e3b      0x177 ./Core/Src/FMS_mode.o
 .debug_macro   0x00015fb2      0x369 ./Core/Src/FMS_mode.o
 .debug_macro   0x0001631b       0x16 ./Core/Src/FMS_mode.o
 .debug_macro   0x00016331       0x29 ./Core/Src/FMS_mode.o
 .debug_macro   0x0001635a       0x10 ./Core/Src/FMS_mode.o
 .debug_macro   0x0001636a       0x1c ./Core/Src/FMS_mode.o
 .debug_macro   0x00016386       0x10 ./Core/Src/FMS_mode.o
 .debug_macro   0x00016396       0x1c ./Core/Src/FMS_mode.o
 .debug_macro   0x000163b2       0x16 ./Core/Src/FMS_mode.o
 .debug_macro   0x000163c8      0x146 ./Core/Src/FMS_mode.o
 .debug_macro   0x0001650e       0x58 ./Core/Src/FMS_mode.o
 .debug_macro   0x00016566      0x1c1 ./Core/Src/button.o
 .debug_macro   0x00016727       0x1c ./Core/Src/button.o
 .debug_macro   0x00016743      0x2f7 ./Core/Src/global.o
 .debug_macro   0x00016a3a      0x1b3 ./Core/Src/i2c-lcd.o
 .debug_macro   0x00016bed      0x317 ./Core/Src/main.o
 .debug_macro   0x00016f04      0x2a4 ./Core/Src/scheduler.o
 .debug_macro   0x000171a8       0x5b ./Core/Src/scheduler.o
 .debug_macro   0x00017203       0x94 ./Core/Src/scheduler.o
 .debug_macro   0x00017297      0x11c ./Core/Src/scheduler.o
 .debug_macro   0x000173b3       0x94 ./Core/Src/scheduler.o
 .debug_macro   0x00017447       0x57 ./Core/Src/scheduler.o
 .debug_macro   0x0001749e       0x56 ./Core/Src/scheduler.o
 .debug_macro   0x000174f4      0x2aa ./Core/Src/software_timer.o
 .debug_macro   0x0001779e      0x1b2 ./Core/Src/stm32f1xx_hal_msp.o
 .debug_macro   0x00017950      0x1bc ./Core/Src/stm32f1xx_it.o
 .debug_macro   0x00017b0c       0xff ./Core/Src/sysmem.o
 .debug_macro   0x00017c0b      0x23c ./Core/Src/sysmem.o
 .debug_macro   0x00017e47      0x1a3 ./Core/Src/system_stm32f1xx.o
 .debug_macro   0x00017fea      0x301 ./Core/Src/traffic_light.o
 .debug_macro   0x000182eb      0x1c7 ./Drivers/STM32F1xx_HAL_Driver/Src/stm32f1xx_hal.o
 .debug_macro   0x000184b2      0x1a3 ./Drivers/STM32F1xx_HAL_Driver/Src/stm32f1xx_hal_cortex.o
 .debug_macro   0x00018655      0x20e ./Drivers/STM32F1xx_HAL_Driver/Src/stm32f1xx_hal_gpio.o
 .debug_macro   0x00018863      0x1f1 ./Drivers/STM32F1xx_HAL_Driver/Src/stm32f1xx_hal_i2c.o
 .debug_macro   0x00018a54      0x1b5 ./Drivers/STM32F1xx_HAL_Driver/Src/stm32f1xx_hal_rcc.o
 .debug_macro   0x00018c09      0x1a4 ./Drivers/STM32F1xx_HAL_Driver/Src/stm32f1xx_hal_tim.o
 .debug_macro   0x00018dad      0x1a3 ./Drivers/STM32F1xx_HAL_Driver/Src/stm32f1xx_hal_tim_ex.o

.debug_line     0x00000000    0x12646
 .debug_line    0x00000000      0xb3b ./Core/Src/FMS_mode.o
 .debug_line    0x00000b3b      0x85f ./Core/Src/button.o
 .debug_line    0x0000139a      0xa47 ./Core/Src/global.o
 .debug_line    0x00001de1      0x7b7 ./Core/Src/i2c-lcd.o
 .debug_line    0x00002598      0xb1e ./Core/Src/main.o
 .debug_line    0x000030b6      0xb9d ./Core/Src/scheduler.o
 .debug_line    0x00003c53      0xa07 ./Core/Src/software_timer.o
 .debug_line    0x0000465a      0x783 ./Core/Src/stm32f1xx_hal_msp.o
 .debug_line    0x00004ddd      0x7d6 ./Core/Src/stm32f1xx_it.o
 .debug_line    0x000055b3      0x672 ./Core/Src/sysmem.o
 .debug_line    0x00005c25      0x77a ./Core/Src/system_stm32f1xx.o
 .debug_line    0x0000639f      0xaff ./Core/Src/traffic_light.o
 .debug_line    0x00006e9e       0x78 ./Core/Startup/startup_stm32f103rbtx.o
 .debug_line    0x00006f16      0x9a7 ./Drivers/STM32F1xx_HAL_Driver/Src/stm32f1xx_hal.o
 .debug_line    0x000078bd      0xb93 ./Drivers/STM32F1xx_HAL_Driver/Src/stm32f1xx_hal_cortex.o
 .debug_line    0x00008450      0xa40 ./Drivers/STM32F1xx_HAL_Driver/Src/stm32f1xx_hal_gpio.o
 .debug_line    0x00008e90     0x3c44 ./Drivers/STM32F1xx_HAL_Driver/Src/stm32f1xx_hal_i2c.o
 .debug_line    0x0000cad4      0xdb0 ./Drivers/STM32F1xx_HAL_Driver/Src/stm32f1xx_hal_rcc.o
 .debug_line    0x0000d884     0x34cc ./Drivers/STM32F1xx_HAL_Driver/Src/stm32f1xx_hal_tim.o
 .debug_line    0x00010d50     0x18f6 ./Drivers/STM32F1xx_HAL_Driver/Src/stm32f1xx_hal_tim_ex.o

.debug_str      0x00000000    0x8ac57
 .debug_str     0x00000000    0x86c07 ./Core/Src/FMS_mode.o
                              0x86f6e (size before relaxing)
 .debug_str     0x00086c07       0x9e ./Core/Src/button.o
                              0x835c9 (size before relaxing)
 .debug_str     0x00086ca5       0x7d ./Core/Src/global.o
                              0x86eb8 (size before relaxing)
 .debug_str     0x00086d22      0x4cc ./Core/Src/i2c-lcd.o
                              0x83877 (size before relaxing)
 .debug_str     0x000871ee      0x5d6 ./Core/Src/main.o
                              0x87938 (size before relaxing)
 .debug_str     0x000877c4       0xf1 ./Core/Src/scheduler.o
                              0x867f8 (size before relaxing)
 .debug_str     0x000878b5       0x82 ./Core/Src/software_timer.o
                              0x86c80 (size before relaxing)
 .debug_str     0x00087937      0x371 ./Core/Src/stm32f1xx_hal_msp.o
                              0x84031 (size before relaxing)
 .debug_str     0x00087ca8       0xec ./Core/Src/stm32f1xx_it.o
                              0x83a05 (size before relaxing)
 .debug_str     0x00087d94      0x4dc ./Core/Src/sysmem.o
                               0x6071 (size before relaxing)
 .debug_str     0x00088270       0x7e ./Core/Src/system_stm32f1xx.o
                              0x833b7 (size before relaxing)
 .debug_str     0x000882ee       0x39 ./Core/Src/traffic_light.o
                              0x86f04 (size before relaxing)
 .debug_str     0x00088327       0x44 ./Core/Startup/startup_stm32f103rbtx.o
                                 0x7c (size before relaxing)
 .debug_str     0x0008836b      0x384 ./Drivers/STM32F1xx_HAL_Driver/Src/stm32f1xx_hal.o
                              0x83aea (size before relaxing)
 .debug_str     0x000886ef      0x294 ./Drivers/STM32F1xx_HAL_Driver/Src/stm32f1xx_hal_cortex.o
                              0x83a36 (size before relaxing)
 .debug_str     0x00088983      0x2bd ./Drivers/STM32F1xx_HAL_Driver/Src/stm32f1xx_hal_gpio.o
                              0x8373d (size before relaxing)
 .debug_str     0x00088c40      0xbc3 ./Drivers/STM32F1xx_HAL_Driver/Src/stm32f1xx_hal_i2c.o
                              0x8447e (size before relaxing)
 .debug_str     0x00089803      0x209 ./Drivers/STM32F1xx_HAL_Driver/Src/stm32f1xx_hal_rcc.o
                              0x837e6 (size before relaxing)
 .debug_str     0x00089a0c      0xdb8 ./Drivers/STM32F1xx_HAL_Driver/Src/stm32f1xx_hal_tim.o
                              0x847e8 (size before relaxing)
 .debug_str     0x0008a7c4      0x493 ./Drivers/STM32F1xx_HAL_Driver/Src/stm32f1xx_hal_tim_ex.o
                              0x83ff4 (size before relaxing)

.comment        0x00000000       0x43
 .comment       0x00000000       0x43 ./Core/Src/FMS_mode.o
                                 0x44 (size before relaxing)
 .comment       0x00000043       0x44 ./Core/Src/button.o
 .comment       0x00000043       0x44 ./Core/Src/global.o
 .comment       0x00000043       0x44 ./Core/Src/i2c-lcd.o
 .comment       0x00000043       0x44 ./Core/Src/main.o
 .comment       0x00000043       0x44 ./Core/Src/scheduler.o
 .comment       0x00000043       0x44 ./Core/Src/software_timer.o
 .comment       0x00000043       0x44 ./Core/Src/stm32f1xx_hal_msp.o
 .comment       0x00000043       0x44 ./Core/Src/stm32f1xx_it.o
 .comment       0x00000043       0x44 ./Core/Src/sysmem.o
 .comment       0x00000043       0x44 ./Core/Src/system_stm32f1xx.o
 .comment       0x00000043       0x44 ./Core/Src/traffic_light.o
 .comment       0x00000043       0x44 ./Drivers/STM32F1xx_HAL_Driver/Src/stm32f1xx_hal.o
 .comment       0x00000043       0x44 ./Drivers/STM32F1xx_HAL_Driver/Src/stm32f1xx_hal_cortex.o
 .comment       0x00000043       0x44 ./Drivers/STM32F1xx_HAL_Driver/Src/stm32f1xx_hal_gpio.o
 .comment       0x00000043       0x44 ./Drivers/STM32F1xx_HAL_Driver/Src/stm32f1xx_hal_i2c.o
 .comment       0x00000043       0x44 ./Drivers/STM32F1xx_HAL_Driver/Src/stm32f1xx_hal_rcc.o
 .comment       0x00000043       0x44 ./Drivers/STM32F1xx_HAL_Driver/Src/stm32f1xx_hal_tim.o
 .comment       0x00000043       0x44 ./Drivers/STM32F1xx_HAL_Driver/Src/stm32f1xx_hal_tim_ex.o

.debug_frame    0x00000000     0x3cdc
 .debug_frame   0x00000000       0x6c ./Core/Src/FMS_mode.o
 .debug_frame   0x0000006c       0xd0 ./Core/Src/button.o
 .debug_frame   0x0000013c       0x38 ./Core/Src/global.o
 .debug_frame   0x00000174       0xd8 ./Core/Src/i2c-lcd.o
 .debug_frame   0x0000024c       0xcc ./Core/Src/main.o
 .debug_frame   0x00000318       0xdc ./Core/Src/scheduler.o
 .debug_frame   0x000003f4       0xc8 ./Core/Src/software_timer.o
 .debug_frame   0x000004bc       0xc8 ./Core/Src/stm32f1xx_hal_msp.o
 .debug_frame   0x00000584      0x120 ./Core/Src/stm32f1xx_it.o
 .debug_frame   0x000006a4       0x34 ./Core/Src/sysmem.o
 .debug_frame   0x000006d8       0x58 ./Core/Src/system_stm32f1xx.o
 .debug_frame   0x00000730       0x9c ./Core/Src/traffic_light.o
 .debug_frame   0x000007cc      0x334 ./Drivers/STM32F1xx_HAL_Driver/Src/stm32f1xx_hal.o
 .debug_frame   0x00000b00      0x428 ./Drivers/STM32F1xx_HAL_Driver/Src/stm32f1xx_hal_cortex.o
 .debug_frame   0x00000f28      0x14c ./Drivers/STM32F1xx_HAL_Driver/Src/stm32f1xx_hal_gpio.o
 .debug_frame   0x00001074      0xc84 ./Drivers/STM32F1xx_HAL_Driver/Src/stm32f1xx_hal_i2c.o
 .debug_frame   0x00001cf8      0x218 ./Drivers/STM32F1xx_HAL_Driver/Src/stm32f1xx_hal_rcc.o
 .debug_frame   0x00001f10     0x11b8 ./Drivers/STM32F1xx_HAL_Driver/Src/stm32f1xx_hal_tim.o
 .debug_frame   0x000030c8      0x638 ./Drivers/STM32F1xx_HAL_Driver/Src/stm32f1xx_hal_tim_ex.o
 .debug_frame   0x00003700       0x30 E:/stm32cubeide/STM32CubeIDE_1.16.0/STM32CubeIDE/plugins/com.st.stm32cube.ide.mcu.externaltools.gnu-tools-for-stm32.12.3.rel1.win32_1.0.200.202406191623/tools/bin/../lib/gcc/arm-none-eabi/12.3.1/../../../../arm-none-eabi/lib/thumb/v7-m/nofp\libc_nano.a(libc_a-malloc.o)
 .debug_frame   0x00003730       0x50 E:/stm32cubeide/STM32CubeIDE_1.16.0/STM32CubeIDE/plugins/com.st.stm32cube.ide.mcu.externaltools.gnu-tools-for-stm32.12.3.rel1.win32_1.0.200.202406191623/tools/bin/../lib/gcc/arm-none-eabi/12.3.1/../../../../arm-none-eabi/lib/thumb/v7-m/nofp\libc_nano.a(libc_a-mallocr.o)
 .debug_frame   0x00003780       0x30 E:/stm32cubeide/STM32CubeIDE_1.16.0/STM32CubeIDE/plugins/com.st.stm32cube.ide.mcu.externaltools.gnu-tools-for-stm32.12.3.rel1.win32_1.0.200.202406191623/tools/bin/../lib/gcc/arm-none-eabi/12.3.1/../../../../arm-none-eabi/lib/thumb/v7-m/nofp\libc_nano.a(libc_a-mlock.o)
 .debug_frame   0x000037b0      0x144 E:/stm32cubeide/STM32CubeIDE_1.16.0/STM32CubeIDE/plugins/com.st.stm32cube.ide.mcu.externaltools.gnu-tools-for-stm32.12.3.rel1.win32_1.0.200.202406191623/tools/bin/../lib/gcc/arm-none-eabi/12.3.1/../../../../arm-none-eabi/lib/thumb/v7-m/nofp\libc_nano.a(libc_a-findfp.o)
 .debug_frame   0x000038f4       0x6c E:/stm32cubeide/STM32CubeIDE_1.16.0/STM32CubeIDE/plugins/com.st.stm32cube.ide.mcu.externaltools.gnu-tools-for-stm32.12.3.rel1.win32_1.0.200.202406191623/tools/bin/../lib/gcc/arm-none-eabi/12.3.1/../../../../arm-none-eabi/lib/thumb/v7-m/nofp\libc_nano.a(libc_a-sprintf.o)
 .debug_frame   0x00003960       0x20 E:/stm32cubeide/STM32CubeIDE_1.16.0/STM32CubeIDE/plugins/com.st.stm32cube.ide.mcu.externaltools.gnu-tools-for-stm32.12.3.rel1.win32_1.0.200.202406191623/tools/bin/../lib/gcc/arm-none-eabi/12.3.1/../../../../arm-none-eabi/lib/thumb/v7-m/nofp\libc_nano.a(libc_a-memset.o)
 .debug_frame   0x00003980       0x38 E:/stm32cubeide/STM32CubeIDE_1.16.0/STM32CubeIDE/plugins/com.st.stm32cube.ide.mcu.externaltools.gnu-tools-for-stm32.12.3.rel1.win32_1.0.200.202406191623/tools/bin/../lib/gcc/arm-none-eabi/12.3.1/../../../../arm-none-eabi/lib/thumb/v7-m/nofp\libc_nano.a(libc_a-reent.o)
 .debug_frame   0x000039b8       0x2c E:/stm32cubeide/STM32CubeIDE_1.16.0/STM32CubeIDE/plugins/com.st.stm32cube.ide.mcu.externaltools.gnu-tools-for-stm32.12.3.rel1.win32_1.0.200.202406191623/tools/bin/../lib/gcc/arm-none-eabi/12.3.1/../../../../arm-none-eabi/lib/thumb/v7-m/nofp\libc_nano.a(libc_a-sbrkr.o)
 .debug_frame   0x000039e4       0x20 E:/stm32cubeide/STM32CubeIDE_1.16.0/STM32CubeIDE/plugins/com.st.stm32cube.ide.mcu.externaltools.gnu-tools-for-stm32.12.3.rel1.win32_1.0.200.202406191623/tools/bin/../lib/gcc/arm-none-eabi/12.3.1/../../../../arm-none-eabi/lib/thumb/v7-m/nofp\libc_nano.a(libc_a-errno.o)
 .debug_frame   0x00003a04       0x2c E:/stm32cubeide/STM32CubeIDE_1.16.0/STM32CubeIDE/plugins/com.st.stm32cube.ide.mcu.externaltools.gnu-tools-for-stm32.12.3.rel1.win32_1.0.200.202406191623/tools/bin/../lib/gcc/arm-none-eabi/12.3.1/../../../../arm-none-eabi/lib/thumb/v7-m/nofp\libc_nano.a(libc_a-init.o)
 .debug_frame   0x00003a30       0xb0 E:/stm32cubeide/STM32CubeIDE_1.16.0/STM32CubeIDE/plugins/com.st.stm32cube.ide.mcu.externaltools.gnu-tools-for-stm32.12.3.rel1.win32_1.0.200.202406191623/tools/bin/../lib/gcc/arm-none-eabi/12.3.1/../../../../arm-none-eabi/lib/thumb/v7-m/nofp\libc_nano.a(libc_a-lock.o)
 .debug_frame   0x00003ae0       0x38 E:/stm32cubeide/STM32CubeIDE_1.16.0/STM32CubeIDE/plugins/com.st.stm32cube.ide.mcu.externaltools.gnu-tools-for-stm32.12.3.rel1.win32_1.0.200.202406191623/tools/bin/../lib/gcc/arm-none-eabi/12.3.1/../../../../arm-none-eabi/lib/thumb/v7-m/nofp\libc_nano.a(libc_a-freer.o)
 .debug_frame   0x00003b18       0x90 E:/stm32cubeide/STM32CubeIDE_1.16.0/STM32CubeIDE/plugins/com.st.stm32cube.ide.mcu.externaltools.gnu-tools-for-stm32.12.3.rel1.win32_1.0.200.202406191623/tools/bin/../lib/gcc/arm-none-eabi/12.3.1/../../../../arm-none-eabi/lib/thumb/v7-m/nofp\libc_nano.a(libc_a-nano-svfprintf.o)
 .debug_frame   0x00003ba8       0x60 E:/stm32cubeide/STM32CubeIDE_1.16.0/STM32CubeIDE/plugins/com.st.stm32cube.ide.mcu.externaltools.gnu-tools-for-stm32.12.3.rel1.win32_1.0.200.202406191623/tools/bin/../lib/gcc/arm-none-eabi/12.3.1/../../../../arm-none-eabi/lib/thumb/v7-m/nofp\libc_nano.a(libc_a-nano-vfprintf_i.o)
 .debug_frame   0x00003c08       0x28 E:/stm32cubeide/STM32CubeIDE_1.16.0/STM32CubeIDE/plugins/com.st.stm32cube.ide.mcu.externaltools.gnu-tools-for-stm32.12.3.rel1.win32_1.0.200.202406191623/tools/bin/../lib/gcc/arm-none-eabi/12.3.1/../../../../arm-none-eabi/lib/thumb/v7-m/nofp\libc_nano.a(libc_a-memmove.o)
 .debug_frame   0x00003c30       0x28 E:/stm32cubeide/STM32CubeIDE_1.16.0/STM32CubeIDE/plugins/com.st.stm32cube.ide.mcu.externaltools.gnu-tools-for-stm32.12.3.rel1.win32_1.0.200.202406191623/tools/bin/../lib/gcc/arm-none-eabi/12.3.1/../../../../arm-none-eabi/lib/thumb/v7-m/nofp\libc_nano.a(libc_a-memchr-stub.o)
 .debug_frame   0x00003c58       0x28 E:/stm32cubeide/STM32CubeIDE_1.16.0/STM32CubeIDE/plugins/com.st.stm32cube.ide.mcu.externaltools.gnu-tools-for-stm32.12.3.rel1.win32_1.0.200.202406191623/tools/bin/../lib/gcc/arm-none-eabi/12.3.1/../../../../arm-none-eabi/lib/thumb/v7-m/nofp\libc_nano.a(libc_a-memcpy-stub.o)
 .debug_frame   0x00003c80       0x3c E:/stm32cubeide/STM32CubeIDE_1.16.0/STM32CubeIDE/plugins/com.st.stm32cube.ide.mcu.externaltools.gnu-tools-for-stm32.12.3.rel1.win32_1.0.200.202406191623/tools/bin/../lib/gcc/arm-none-eabi/12.3.1/../../../../arm-none-eabi/lib/thumb/v7-m/nofp\libc_nano.a(libc_a-reallocr.o)
 .debug_frame   0x00003cbc       0x20 E:/stm32cubeide/STM32CubeIDE_1.16.0/STM32CubeIDE/plugins/com.st.stm32cube.ide.mcu.externaltools.gnu-tools-for-stm32.12.3.rel1.win32_1.0.200.202406191623/tools/bin/../lib/gcc/arm-none-eabi/12.3.1/../../../../arm-none-eabi/lib/thumb/v7-m/nofp\libc_nano.a(libc_a-msizer.o)

.debug_line_str
                0x00000000       0x60
 .debug_line_str
                0x00000000       0x60 ./Core/Startup/startup_stm32f103rbtx.o
